--------- beginning of system
01-07 15:01:28.049   606  1705 W ActivityTaskManager: callingPackage for (uid=2000, pid=27451) has no WPC
01-07 15:01:28.054   606  1705 D CompatChangeReporter: Compat change id reported: 151861875; UID 10234; state: ENABLED
01-07 15:01:28.055   606  1705 W OptProp : Cannot read opt property android.window.PROPERTY_COMPAT_ALLOW_USER_ASPECT_RATIO_OVERRIDE
01-07 15:01:28.055   606  1705 W OptProp : Cannot read opt property android.window.PROPERTY_COMPAT_ALLOW_USER_ASPECT_RATIO_FULLSCREEN_OVERRIDE
01-07 15:01:28.055   606  1705 W OptProp : Cannot read opt property android.window.PROPERTY_COMPAT_ALLOW_ORIENTATION_OVERRIDE
--------- beginning of main
01-07 15:01:28.058   606  1705 V GrammaticalInflectionUtils: AttributionSource: android.content.AttributionSource@ef9700ca does not have READ_SYSTEM_GRAMMATICAL_GENDER permission.
01-07 15:01:28.060   606  1705 W OptProp : Cannot read opt property android.window.PROPERTY_COMPAT_ALLOW_RESIZEABLE_ACTIVITY_OVERRIDES
01-07 15:01:28.062   606  1705 W OptProp : Cannot read opt property android.window.PROPERTY_COMPAT_ALLOW_MIN_ASPECT_RATIO_OVERRIDE
01-07 15:01:28.105   606  2161 D CompatChangeReporter: Compat change id reported: 309578419; UID 10234; state: ENABLED
01-07 15:01:28.106   861   983 V WindowManagerShell: Transition requested (#188): android.os.BinderProxy@c879aee TransitionRequestInfo { type = OPEN, triggerTask = TaskInfo{userId=0 taskId=65 displayId=0 isRunning=true baseIntent=Intent { flg=0x10000000 cmp=com.example.callblockerpro/.MainActivity } baseActivity=ComponentInfo{com.example.callblockerpro/com.example.callblockerpro.MainActivity} topActivity=ComponentInfo{com.example.callblockerpro/com.example.callblockerpro.MainActivity} origActivity=null realActivity=ComponentInfo{com.example.callblockerpro/com.example.callblockerpro.MainActivity} numActivities=1 lastActiveTime=12942863 supportsMultiWindow=true resizeMode=1 isResizeable=true minWidth=-1 minHeight=-1 defaultMinSize=220 token=WCT{android.window.IWindowContainerToken$Stub$Proxy@905ab8f} topActivityType=1 pictureInPictureParams=null shouldDockBigOverlays=false launchIntoPipHostTaskId=-1 lastParentTaskIdBeforePip=-1 displayCutoutSafeInsets=Rect(0, 132 - 0, 0) topActivityInfo=ActivityInfo{149ce1c com.example.callblockerpro.MainActivity} launchCookies=[] positionInParent=Point(0, 0) parentTaskId=-1 isFocused=false isVisible=false isVisibleRequested=false isSleeping=false locusId=null displayAreaFeatureId=1 isTopActivityTransparent=false appCompatTaskInfo=AppCompatTaskInfo { topActivityInSizeCompat=false topActivityEligibleForLetterboxEducation= falseisLetterboxEducationEnabled= true isLetterboxDoubleTapEnabled= false topActivityEligibleForUserAspectRatioButton= false topActivityBoundsLetterboxed= false isFromLetterboxDoubleTap= false topActivityLetterboxVerticalPosition= -1 topActivityLetterboxHorizontalPosition= -1 topActivityLetterboxWidth=1080 topActivityLetterboxHeight=2400 isUserFullscreenOverrideEnabled=false isSystemFullscreenOverrideEnabled=false cameraCompatTaskInfo=CameraCompatTaskInfo { cameraCompatControlState=hidden freeformCameraCompatMode=inactive}}}, pipTask = null, remoteTransition = null, displayChange = null, flags = 0, debugId = 188 }
01-07 15:01:28.111   606  1705 I ActivityTaskManager: START u0 {flg=0x10000000 cmp=com.example.callblockerpro/.MainActivity} with LAUNCH_MULTIPLE from uid 2000 (BAL_ALLOW_PERMISSION) result code=0
01-07 15:01:28.120  1136  1136 W SplitSelectStateCtor: Missing session instanceIds
01-07 15:01:28.120  1136  1136 D StatsLog: LAUNCHER_SPLIT_SELECTION_EXIT_INTERRUPTED
01-07 15:01:28.170   606   633 V GrammaticalInflectionUtils: AttributionSource: android.content.AttributionSource@ef9700ca does not have READ_SYSTEM_GRAMMATICAL_GENDER permission.
01-07 15:01:28.171  1136  1136 I TopTaskTracker: onTaskMovedToFront: (moved taskInfo to front) taskId=65, baseIntent=Intent { flg=0x10000000 cmp=com.example.callblockerpro/.MainActivity }
01-07 15:01:28.174   861   983 D WindowManagerShell: setLauncherKeepClearAreaHeight: visible=false, height=527
01-07 15:01:28.178   463   463 I BpBinder: onLastStrongRef automatically unlinking death recipients: 
01-07 15:01:28.201   606  2161 D CoreBackPreview: Window{7c96e29 u0 Splash Screen com.example.callblockerpro}: Setting back callback OnBackInvokedCallbackInfo{mCallback=android.window.IOnBackInvokedCallback$Stub$Proxy@f5a26dc, mPriority=0, mIsAnimationCallback=false}
01-07 15:01:28.233   390   390 D Zygote  : Forked child process 27454
01-07 15:01:28.243   606   643 W ActivityManager: Slow operation: 54ms so far, now at startProcess: returned from zygote!
01-07 15:01:28.244   606   643 W ActivityManager: Slow operation: 55ms so far, now at startProcess: done updating battery stats
01-07 15:01:28.244   606   643 W ActivityManager: Slow operation: 55ms so far, now at startProcess: building log message
01-07 15:01:28.254   606   643 I ActivityManager: Start proc 27454:com.example.callblockerpro/u0a234 for next-top-activity {com.example.callblockerpro/com.example.callblockerpro.MainActivity}
01-07 15:01:28.254   606   643 W ActivityManager: Slow operation: 66ms so far, now at startProcess: starting to update pids map
01-07 15:01:28.255   606   643 W ActivityManager: Slow operation: 66ms so far, now at startProcess: done updating pids map
01-07 15:01:28.297 25780 25788 W .apps.wellbeing: ApkAssets: Deleting an ApkAssets object '<empty> and /data/app/~~Sgo18xSXyJ6wbqw__T8L_A==/com.google.android.youtube-_MN47hKDQQZT6e-QSEuXlQ==/base.apk' with 1 weak references
01-07 15:01:28.298 25780 25788 W .apps.wellbeing: ApkAssets: Deleting an ApkAssets object '<empty> and /data/app/~~Sgo18xSXyJ6wbqw__T8L_A==/com.google.android.youtube-_MN47hKDQQZT6e-QSEuXlQ==/split_config.en.apk' with 1 weak references
01-07 15:01:28.298 25780 25788 W .apps.wellbeing: ApkAssets: Deleting an ApkAssets object '<empty> and /data/app/~~Sgo18xSXyJ6wbqw__T8L_A==/com.google.android.youtube-_MN47hKDQQZT6e-QSEuXlQ==/split_config.x86_64.apk' with 1 weak references
01-07 15:01:28.298 25780 25788 W .apps.wellbeing: ApkAssets: Deleting an ApkAssets object '<empty> and /data/app/~~Sgo18xSXyJ6wbqw__T8L_A==/com.google.android.youtube-_MN47hKDQQZT6e-QSEuXlQ==/split_config.xxhdpi.apk' with 1 weak references
01-07 15:01:28.298 25780 25788 W .apps.wellbeing: ApkAssets: Deleting an ApkAssets object '<empty> and /product/overlay/DisplayCutoutEmulationCorner/DisplayCutoutEmulationCornerOverlay.apk' with 1 weak references
01-07 15:01:28.298 25780 25788 W .apps.wellbeing: ApkAssets: Deleting an ApkAssets object '<empty> and /apex/com.android.extservices/priv-app/GoogleExtServices@350820300/GoogleExtServices.apk' with 1 weak references
01-07 15:01:28.298 25780 25788 W .apps.wellbeing: ApkAssets: Deleting an ApkAssets object '<empty> and /product/overlay/DisplayCutoutEmulationDouble/DisplayCutoutEmulationDoubleOverlay.apk' with 1 weak references
01-07 15:01:28.298 25780 25788 W .apps.wellbeing: ApkAssets: Deleting an ApkAssets object '<empty> and /system/priv-app/TelephonyProvider/TelephonyProvider.apk' with 1 weak references
01-07 15:01:28.298 25780 25788 W .apps.wellbeing: ApkAssets: Deleting an ApkAssets object '/product/overlay/TelephonyProvider__sdk_gphone64_x86_64__auto_generated_rro_product.apk' with 1 weak references
01-07 15:01:28.299 25780 25788 W .apps.wellbeing: ApkAssets: Deleting an ApkAssets object '<empty> and /system/priv-app/DynamicSystemInstallationService/DynamicSystemInstallationService.apk' with 1 weak references
01-07 15:01:28.300 25780 25788 W .apps.wellbeing: ApkAssets: Deleting an ApkAssets object '<empty> and /data/app/~~ObP68Rw1JWEDX1dLbWg8tw==/com.google.android.googlequicksearchbox-aAuC451xYaVGLihlW2nAHQ==/base.apk' with 1 weak references
01-07 15:01:28.301 25780 25788 W .apps.wellbeing: ApkAssets: Deleting an ApkAssets object '<empty> and /data/app/~~ObP68Rw1JWEDX1dLbWg8tw==/com.google.android.googlequicksearchbox-aAuC451xYaVGLihlW2nAHQ==/split_config.xxhdpi.apk' with 1 weak references
01-07 15:01:28.305 25780 25788 W .apps.wellbeing: ApkAssets: Deleting an ApkAssets object '<empty> and /system/priv-app/CalendarProvider/CalendarProvider.apk' with 1 weak references
01-07 15:01:28.307 25780 25788 W .apps.wellbeing: ApkAssets: Deleting an ApkAssets object '<empty> and /product/priv-app/GoogleOneTimeInitializer/GoogleOneTimeInitializer.apk' with 1 weak references
01-07 15:01:28.308 25780 25788 W .apps.wellbeing: ApkAssets: Deleting an ApkAssets object '<empty> and /system/app/GoogleExtShared/GoogleExtShared.apk' with 1 weak references
01-07 15:01:28.308 25780 25788 W .apps.wellbeing: ApkAssets: Deleting an ApkAssets object '<empty> and /system/priv-app/ExternalStorageProvider/ExternalStorageProvider.apk' with 1 weak references
01-07 15:01:28.308 25780 25788 W .apps.wellbeing: ApkAssets: Deleting an ApkAssets object '<empty> and /system/app/HTMLViewer/HTMLViewer.apk' with 1 weak references
01-07 15:01:28.307 27454 27454 I .callblockerpro: Late-enabling -Xcheck:jni
01-07 15:01:28.313 25780 25788 W .apps.wellbeing: ApkAssets: Deleting an ApkAssets object '<empty> and /system/app/CompanionDeviceManager/CompanionDeviceManager.apk' with 1 weak references
01-07 15:01:28.313 25780 25788 W .apps.wellbeing: ApkAssets: Deleting an ApkAssets object '<empty> and /system/priv-app/DownloadProvider/DownloadProvider.apk' with 1 weak references
01-07 15:01:28.314 25780 25788 W .apps.wellbeing: ApkAssets: Deleting an ApkAssets object '<empty> and /data/app/~~3u88ROC-32tAux2jN824Bw==/com.google.android.apps.messaging-0SOLZNCFFvnOKqI5IIkU3g==/base.apk' with 1 weak references
01-07 15:01:28.314 25780 25788 W .apps.wellbeing: ApkAssets: Deleting an ApkAssets object '<empty> and /data/app/~~3u88ROC-32tAux2jN824Bw==/com.google.android.apps.messaging-0SOLZNCFFvnOKqI5IIkU3g==/split_config.en.apk' with 1 weak references
01-07 15:01:28.314 25780 25788 W .apps.wellbeing: ApkAssets: Deleting an ApkAssets object '<empty> and /data/app/~~3u88ROC-32tAux2jN824Bw==/com.google.android.apps.messaging-0SOLZNCFFvnOKqI5IIkU3g==/split_config.x86_64.apk' with 1 weak references
01-07 15:01:28.314 25780 25788 W .apps.wellbeing: ApkAssets: Deleting an ApkAssets object '<empty> and /data/app/~~3u88ROC-32tAux2jN824Bw==/com.google.android.apps.messaging-0SOLZNCFFvnOKqI5IIkU3g==/split_config.xxhdpi.apk' with 1 weak references
01-07 15:01:28.314 25780 25788 W .apps.wellbeing: ApkAssets: Deleting an ApkAssets object '<empty> and /product/app/SoundPickerPrebuilt/SoundPickerPrebuilt.apk' with 1 weak references
01-07 15:01:28.315 25780 25788 W .apps.wellbeing: ApkAssets: Deleting an ApkAssets object '<empty> and /apex/com.android.mediaprovider/priv-app/MediaProviderGoogle@350820300/MediaProviderGoogle.apk' with 1 weak references
01-07 15:01:28.315 25780 25788 W .apps.wellbeing: ApkAssets: Deleting an ApkAssets object '<empty> and /data/app/~~1SwC4BqQbdW-O4CwB5cPHQ==/com.google.android.apps.safetyhub-5rnwlIeR-8JxGWSL4Q0cOA==/base.apk' with 1 weak references
01-07 15:01:28.315 25780 25788 W .apps.wellbeing: ApkAssets: Deleting an ApkAssets object '<empty> and /data/app/~~1SwC4BqQbdW-O4CwB5cPHQ==/com.google.android.apps.safetyhub-5rnwlIeR-8JxGWSL4Q0cOA==/split_config.x86_64.apk' with 1 weak references
01-07 15:01:28.316 25780 25788 W .apps.wellbeing: ApkAssets: Deleting an ApkAssets object '<empty> and /data/app/~~1SwC4BqQbdW-O4CwB5cPHQ==/com.google.android.apps.safetyhub-5rnwlIeR-8JxGWSL4Q0cOA==/split_config.xxhdpi.apk' with 1 weak references
01-07 15:01:28.318 25780 25788 W .apps.wellbeing: ApkAssets: Deleting an ApkAssets object '<empty> and /system/priv-app/DownloadProviderUi/DownloadProviderUi.apk' with 1 weak references
01-07 15:01:28.318 25780 25788 W .apps.wellbeing: ApkAssets: Deleting an ApkAssets object '<empty> and /apex/com.android.wifi/app/OsuLoginGoogle@350820300/OsuLoginGoogle.apk' with 1 weak references
01-07 15:01:28.323 25780 25788 W .apps.wellbeing: ApkAssets: Deleting an ApkAssets object '<empty> and /data/app/~~dANM4C5hseoSqJgwNbVF-w==/com.android.vending-6SBZlVatLz14YpZBf254NA==/base.apk' with 1 weak references
01-07 15:01:28.324 25780 25788 W .apps.wellbeing: ApkAssets: Deleting an ApkAssets object '<empty> and /data/app/~~dANM4C5hseoSqJgwNbVF-w==/com.android.vending-6SBZlVatLz14YpZBf254NA==/split_config.en.apk' with 1 weak references
01-07 15:01:28.324 25780 25788 W .apps.wellbeing: ApkAssets: Deleting an ApkAssets object '<empty> and /data/app/~~dANM4C5hseoSqJgwNbVF-w==/com.android.vending-6SBZlVatLz14YpZBf254NA==/split_config.x86_64.apk' with 1 weak references
01-07 15:01:28.325 25780 25788 W .apps.wellbeing: ApkAssets: Deleting an ApkAssets object '<empty> and /data/app/~~dANM4C5hseoSqJgwNbVF-w==/com.android.vending-6SBZlVatLz14YpZBf254NA==/split_phonesky_data_loader.apk' with 1 weak references
01-07 15:01:28.325 25780 25788 W .apps.wellbeing: ApkAssets: Deleting an ApkAssets object '<empty> and /data/app/~~dANM4C5hseoSqJgwNbVF-w==/com.android.vending-6SBZlVatLz14YpZBf254NA==/split_phonesky_data_loader.config.x86_64.apk' with 1 weak references
01-07 15:01:28.325 25780 25788 W .apps.wellbeing: ApkAssets: Deleting an ApkAssets object '<empty> and /data/app/~~dANM4C5hseoSqJgwNbVF-w==/com.android.vending-6SBZlVatLz14YpZBf254NA==/split_phonesky_webrtc_native_lib.apk' with 1 weak references
01-07 15:01:28.325 25780 25788 W .apps.wellbeing: ApkAssets: Deleting an ApkAssets object '<empty> and /data/app/~~dANM4C5hseoSqJgwNbVF-w==/com.android.vending-6SBZlVatLz14YpZBf254NA==/split_phonesky_webrtc_native_lib.config.x86_64.apk' with 1 weak references
01-07 15:01:28.325 25780 25788 W .apps.wellbeing: ApkAssets: Deleting an ApkAssets object '<empty> and /system/app/PacProcessor/PacProcessor.apk' with 1 weak references
01-07 15:01:28.325 25780 25788 W .apps.wellbeing: ApkAssets: Deleting an ApkAssets object '<empty> and /system/app/SimAppDialog/SimAppDialog.apk' with 1 weak references
01-07 15:01:28.325 25780 25788 W .apps.wellbeing: ApkAssets: Deleting an ApkAssets object '/product/overlay/SimAppDialog__sdk_gphone64_x86_64__auto_generated_rro_product.apk' with 1 weak references
01-07 15:01:28.325  1136  1536 D EGL_emulation: app_time_stats: avg=28293.26ms min=28293.26ms max=28293.26ms count=1
01-07 15:01:28.327 25780 25788 W .apps.wellbeing: ApkAssets: Deleting an ApkAssets object '<empty> and /apex/com.android.adservices/priv-app/AdServicesApkGoogle@350820260/AdServicesApkGoogle.apk' with 1 weak references
01-07 15:01:28.336 25780 25788 W .apps.wellbeing: ApkAssets: Deleting an ApkAssets object '<empty> and /product/overlay/DisplayCutoutEmulationHole/DisplayCutoutEmulationHoleOverlay.apk' with 1 weak references
01-07 15:01:28.336 25780 25788 W .apps.wellbeing: ApkAssets: Deleting an ApkAssets object '<empty> and /product/overlay/DisplayCutoutEmulationTall/DisplayCutoutEmulationTallOverlay.apk' with 1 weak references
01-07 15:01:28.336 25780 25788 W .apps.wellbeing: ApkAssets: Deleting an ApkAssets object '<empty> and /system/app/CertInstaller/CertInstaller.apk' with 1 weak references
01-07 15:01:28.336 25780 25788 W .apps.wellbeing: ApkAssets: Deleting an ApkAssets object '<empty> and /product/app/talkback/talkback.apk' with 1 weak references
01-07 15:01:28.337 25780 25788 W .apps.wellbeing: ApkAssets: Deleting an ApkAssets object '/vendor/overlay/EmulatorTalkBackOverlay/EmulatorTalkBackOverlay.apk' with 1 weak references
01-07 15:01:28.337 25780 25788 W .apps.wellbeing: ApkAssets: Deleting an ApkAssets object '<empty> and /product/overlay/NavigationBarMode3Button/NavigationBarMode3ButtonOverlay.apk' with 1 weak references
01-07 15:01:28.338 25780 25788 W .apps.wellbeing: ApkAssets: Deleting an ApkAssets object '<empty> and /product/app/Camera2/Camera2.apk' with 1 weak references
01-07 15:01:28.338 25780 25788 W .apps.wellbeing: ApkAssets: Deleting an ApkAssets object '<empty> and /system/app/EasterEgg/EasterEgg.apk' with 1 weak references
01-07 15:01:28.338 25780 25788 W .apps.wellbeing: ApkAssets: Deleting an ApkAssets object '<empty> and /system/priv-app/MtpService/MtpService.apk' with 1 weak references
01-07 15:01:28.338 25780 25788 W .apps.wellbeing: ApkAssets: Deleting an ApkAssets object '<empty> and /apex/com.android.nfcservices/priv-app/NfcNciApexGoogle@AE3A.240806.036/NfcNciApexGoogle.apk' with 1 weak references
01-07 15:01:28.338 25780 25788 W .apps.wellbeing: ApkAssets: Deleting an ApkAssets object '<empty> and /system/app/Stk/Stk.apk' with 1 weak references
01-07 15:01:28.338 25780 25788 W .apps.wellbeing: ApkAssets: Deleting an ApkAssets object '<empty> and /data/app/~~WE8Pa77aEsOWOSVnQgS8FA==/com.google.android.deskclock-6YFbE6DHP2rpmKMVEOwr7w==/base.apk' with 1 weak references
01-07 15:01:28.339 25780 25788 W .apps.wellbeing: ApkAssets: Deleting an ApkAssets object '<empty> and /data/app/~~WE8Pa77aEsOWOSVnQgS8FA==/com.google.android.deskclock-6YFbE6DHP2rpmKMVEOwr7w==/split_config.xxhdpi.apk' with 1 weak references
01-07 15:01:28.339 25780 25788 W .apps.wellbeing: ApkAssets: Deleting an ApkAssets object '<empty> and /product/overlay/NavigationBarMode2Button/NavigationBarMode2ButtonOverlay.apk' with 1 weak references
01-07 15:01:28.339 25780 25788 W .apps.wellbeing: ApkAssets: Deleting an ApkAssets object '<empty> and /product/priv-app/DevicePersonalizationPrebuiltPixel2021-aiai_20240329.00_RC16/DevicePersonalizationPrebuiltPixel2021-aiai_20240329.00_RC16.apk' with 1 weak references
01-07 15:01:28.339 25780 25788 W .apps.wellbeing: ApkAssets: Deleting an ApkAssets object '<empty> and /data/app/~~WELfxSJVH81kvvEWgPd10g==/com.google.android.gm-n-I0oW-ALaYDpMNAXeVQyQ==/base.apk' with 1 weak references
01-07 15:01:28.340   463   463 E SurfaceFlinger: Out of order buffers detected for RequestedLayerState{com.google.android.apps.nexuslauncher/com.google.android.apps.nexuslauncher.NexusLauncherActivity#1812 parentId=1390} producedId=52 frameNumber=269 -> producedId=52 frameNumber=88
01-07 15:01:28.340 25780 25788 W .apps.wellbeing: ApkAssets: Deleting an ApkAssets object '<empty> and /data/app/~~WELfxSJVH81kvvEWgPd10g==/com.google.android.gm-n-I0oW-ALaYDpMNAXeVQyQ==/split_config.en.apk' with 1 weak references
01-07 15:01:28.341 25780 25788 W .apps.wellbeing: ApkAssets: Deleting an ApkAssets object '<empty> and /data/app/~~WELfxSJVH81kvvEWgPd10g==/com.google.android.gm-n-I0oW-ALaYDpMNAXeVQyQ==/split_config.x86_64.apk' with 1 weak references
01-07 15:01:28.341 25780 25788 W .apps.wellbeing: ApkAssets: Deleting an ApkAssets object '<empty> and /data/app/~~WELfxSJVH81kvvEWgPd10g==/com.google.android.gm-n-I0oW-ALaYDpMNAXeVQyQ==/split_config.xxhdpi.apk' with 1 weak references
01-07 15:01:28.344 25780 25788 W .apps.wellbeing: ApkAssets: Deleting an ApkAssets object '<empty> and /apex/com.android.permission/priv-app/GooglePermissionController@350820360/GooglePermissionController.apk' with 1 weak references
01-07 15:01:28.345 25780 25788 W .apps.wellbeing: ApkAssets: Deleting an ApkAssets object '/product/overlay/GooglePermissionControllerOverlay.apk' with 1 weak references
01-07 15:01:28.346 25780 25788 W .apps.wellbeing: ApkAssets: Deleting an ApkAssets object '<empty> and /apex/com.android.btservices/app/BluetoothGoogle@342010060/BluetoothGoogle.apk' with 1 weak references
01-07 15:01:28.346 25780 25788 W .apps.wellbeing: ApkAssets: Deleting an ApkAssets object '<empty> and /system/priv-app/SettingsProvider/SettingsProvider.apk' with 1 weak references
01-07 15:01:28.346 25780 25788 W .apps.wellbeing: ApkAssets: Deleting an ApkAssets object '/product/overlay/LargeScreenSettingsProviderOverlay.apk' with 1 weak references
01-07 15:01:28.346 25780 25788 W .apps.wellbeing: ApkAssets: Deleting an ApkAssets object '/product/overlay/SettingsProvider__sdk_gphone64_x86_64__auto_generated_rro_product.apk' with 1 weak references
01-07 15:01:28.346 25780 25788 W .apps.wellbeing: ApkAssets: Deleting an ApkAssets object '<empty> and /system/app/PrintSpooler/PrintSpooler.apk' with 1 weak references
01-07 15:01:28.346 25780 25788 W .apps.wellbeing: ApkAssets: Deleting an ApkAssets object '<empty> and /system/app/BasicDreams/BasicDreams.apk' with 1 weak references
01-07 15:01:28.346 25780 25788 W .apps.wellbeing: ApkAssets: Deleting an ApkAssets object '<empty> and /data/app/~~jI95Eqvwd_gh2HvST0iuPw==/com.google.android.as.oss-MpVJ6ONwsBDGzpQQiFQZzQ==/base.apk' with 1 weak references
01-07 15:01:28.346 25780 25788 W .apps.wellbeing: ApkAssets: Deleting an ApkAssets object '<empty> and /data/app/~~jI95Eqvwd_gh2HvST0iuPw==/com.google.android.as.oss-MpVJ6ONwsBDGzpQQiFQZzQ==/split_config.arm64_v8a.apk' with 1 weak references
01-07 15:01:28.346 25780 25788 W .apps.wellbeing: ApkAssets: Deleting an ApkAssets object '<empty> and /data/app/~~jI95Eqvwd_gh2HvST0iuPw==/com.google.android.as.oss-MpVJ6ONwsBDGzpQQiFQZzQ==/split_config.en.apk' with 1 weak references
01-07 15:01:28.346 25780 25788 W .apps.wellbeing: ApkAssets: Deleting an ApkAssets object '<empty> and /data/app/~~jI95Eqvwd_gh2HvST0iuPw==/com.google.android.as.oss-MpVJ6ONwsBDGzpQQiFQZzQ==/split_config.xxhdpi.apk' with 1 weak references
01-07 15:01:28.347 25780 25788 W .apps.wellbeing: ApkAssets: Deleting an ApkAssets object '<empty> and /system/priv-app/InputDevices/InputDevices.apk' with 1 weak references
01-07 15:01:28.352 25780 25788 W .apps.wellbeing: ApkAssets: Deleting an ApkAssets object '<empty> and /apex/com.android.devicelock/priv-app/DeviceLockControllerGoogle@AE3A.240806.036/DeviceLockControllerGoogle.apk' with 1 weak references
01-07 15:01:28.352 25780 25788 W .apps.wellbeing: ApkAssets: Deleting an ApkAssets object '<empty> and /data/app/~~Fsb1qmRXEYWGHaDx7HWkyA==/com.google.android.dialer-7wSYp93PfkU1cJMdYRAT9A==/base.apk' with 1 weak references
01-07 15:01:28.353 25780 25788 W .apps.wellbeing: ApkAssets: Deleting an ApkAssets object '<empty> and /system/priv-app/BuiltInPrintService/BuiltInPrintService.apk' with 1 weak references
01-07 15:01:28.353 25780 25788 W .apps.wellbeing: ApkAssets: Deleting an ApkAssets object '/product/overlay/BuiltInPrintService__sdk_gphone64_x86_64__auto_generated_rro_product.apk' with 1 weak references
01-07 15:01:28.353 25780 25788 W .apps.wellbeing: ApkAssets: Deleting an ApkAssets object '<empty> and /system/app/CaptivePortalLoginGoogle/CaptivePortalLoginGoogle.apk' with 1 weak references
01-07 15:01:28.353 25780 25788 W .apps.wellbeing: ApkAssets: Deleting an ApkAssets object '<empty> and /system/priv-app/MusicFX/MusicFX.apk' with 1 weak references
01-07 15:01:28.354 25780 25788 W .apps.wellbeing: ApkAssets: Deleting an ApkAssets object '<empty> and /data/app/~~JMq7IJStbkcdJCrpzvTHbA==/com.google.android.apps.docs-VpGUOgRDwIdZfLhd8EdSow==/base.apk' with 1 weak references
01-07 15:01:28.354 25780 25788 W .apps.wellbeing: ApkAssets: Deleting an ApkAssets object '<empty> and /data/app/~~JMq7IJStbkcdJCrpzvTHbA==/com.google.android.apps.docs-VpGUOgRDwIdZfLhd8EdSow==/split_config.en.apk' with 1 weak references
01-07 15:01:28.354 25780 25788 W .apps.wellbeing: ApkAssets: Deleting an ApkAssets object '<empty> and /data/app/~~JMq7IJStbkcdJCrpzvTHbA==/com.google.android.apps.docs-VpGUOgRDwIdZfLhd8EdSow==/split_config.x86_64.apk' with 1 weak references
01-07 15:01:28.354 25780 25788 W .apps.wellbeing: ApkAssets: Deleting an ApkAssets object '<empty> and /data/app/~~JMq7IJStbkcdJCrpzvTHbA==/com.google.android.apps.docs-VpGUOgRDwIdZfLhd8EdSow==/split_config.xxhdpi.apk' with 1 weak references
01-07 15:01:28.355 25780 25788 W .apps.wellbeing: ApkAssets: Deleting an ApkAssets object '<empty> and /data/app/~~14lhxf9i4Y76lysf91Uk1A==/com.google.android.apps.maps-jQxLDJ1fN9tJsem-L9PhDw==/base.apk' with 1 weak references
01-07 15:01:28.355 25780 25788 W .apps.wellbeing: ApkAssets: Deleting an ApkAssets object '<empty> and /data/app/~~14lhxf9i4Y76lysf91Uk1A==/com.google.android.apps.maps-jQxLDJ1fN9tJsem-L9PhDw==/split_config.en.apk' with 1 weak references
01-07 15:01:28.355 25780 25788 W .apps.wellbeing: ApkAssets: Deleting an ApkAssets object '<empty> and /data/app/~~14lhxf9i4Y76lysf91Uk1A==/com.google.android.apps.maps-jQxLDJ1fN9tJsem-L9PhDw==/split_config.x86_64.apk' with 1 weak references
01-07 15:01:28.355 25780 25788 W .apps.wellbeing: ApkAssets: Deleting an ApkAssets object '<empty> and /data/app/~~14lhxf9i4Y76lysf91Uk1A==/com.google.android.apps.maps-jQxLDJ1fN9tJsem-L9PhDw==/split_config.xxhdpi.apk' with 1 weak references
01-07 15:01:28.355 25780 25788 W .apps.wellbeing: ApkAssets: Deleting an ApkAssets object '<empty> and /product/app/ModuleMetadataGoogle/ModuleMetadataGoogle.apk' with 1 weak references
01-07 15:01:28.355 25780 25788 W .apps.wellbeing: ApkAssets: Deleting an ApkAssets object '<empty> and /product/overlay/DisplayCutoutEmulationEmu01/DisplayCutoutEmulationEmu01Overlay.apk' with 1 weak references
01-07 15:01:28.356 25780 25788 W .apps.wellbeing: ApkAssets: Deleting an ApkAssets object '<empty> and /system_ext/priv-app/AvatarPickerGoogle/AvatarPickerGoogle.apk' with 1 weak references
01-07 15:01:28.358   463   463 E SurfaceFlinger: Out of order buffers detected for RequestedLayerState{com.google.android.apps.nexuslauncher/com.google.android.apps.nexuslauncher.NexusLauncherActivity#1812 parentId=1390} producedId=52 frameNumber=269 -> producedId=52 frameNumber=89
01-07 15:01:28.359 25780 25788 W .apps.wellbeing: ApkAssets: Deleting an ApkAssets object '<empty> and /product/app/MarkupGoogle_v2/MarkupGoogle_v2.apk' with 1 weak references
01-07 15:01:28.360 25780 25788 W .apps.wellbeing: ApkAssets: Deleting an ApkAssets object '<empty> and /system/priv-app/NetworkStackGoogle/NetworkStackGoogle.apk' with 1 weak references
01-07 15:01:28.360 25780 25788 W .apps.wellbeing: ApkAssets: Deleting an ApkAssets object '<empty> and /apex/com.android.rkpd/priv-app/rkpdapp.google@350820300/rkpdapp.google.apk' with 1 weak references
01-07 15:01:28.360 25780 25788 W .apps.wellbeing: ApkAssets: Deleting an ApkAssets object '<empty> and /data/app/~~XxVgwvYBUE3_GXna3EnG4g==/com.google.android.contacts-HKOver8urVjTiYOvXT0Fpg==/base.apk' with 1 weak references
01-07 15:01:28.364 25780 25788 W .apps.wellbeing: ApkAssets: Deleting an ApkAssets object '<empty> and /data/app/~~XxVgwvYBUE3_GXna3EnG4g==/com.google.android.contacts-HKOver8urVjTiYOvXT0Fpg==/split_config.en.apk' with 1 weak references
01-07 15:01:28.365 25780 25788 W .apps.wellbeing: ApkAssets: Deleting an ApkAssets object '<empty> and /data/app/~~XxVgwvYBUE3_GXna3EnG4g==/com.google.android.contacts-HKOver8urVjTiYOvXT0Fpg==/split_config.x86_64.apk' with 1 weak references
01-07 15:01:28.365 25780 25788 W .apps.wellbeing: ApkAssets: Deleting an ApkAssets object '<empty> and /data/app/~~XxVgwvYBUE3_GXna3EnG4g==/com.google.android.contacts-HKOver8urVjTiYOvXT0Fpg==/split_config.xxhdpi.apk' with 1 weak references
01-07 15:01:28.365 25780 25788 W .apps.wellbeing: ApkAssets: Deleting an ApkAssets object '<empty> and /system/priv-app/Telecom/Telecom.apk' with 1 weak references
01-07 15:01:28.365 25780 25788 W .apps.wellbeing: ApkAssets: Deleting an ApkAssets object '/product/overlay/Telecom__sdk_gphone64_x86_64__auto_generated_rro_product.apk' with 1 weak references
01-07 15:01:28.365 25780 25788 W .apps.wellbeing: ApkAssets: Deleting an ApkAssets object '<empty> and /system/app/KeyChain/KeyChain.apk' with 1 weak references
01-07 15:01:28.365 25780 25788 W .apps.wellbeing: ApkAssets: Deleting an ApkAssets object '<empty> and /data/app/~~cIecDr6DlrU7f0x_I0ODBg==/com.android.chrome-blrRGmw7WdBOdlntCkA70A==/base.apk' with 1 weak references
01-07 15:01:28.365 25780 25788 W .apps.wellbeing: ApkAssets: Deleting an ApkAssets object '<empty> and /data/app/~~cIecDr6DlrU7f0x_I0ODBg==/com.android.chrome-blrRGmw7WdBOdlntCkA70A==/split_chrome.apk' with 1 weak references
01-07 15:01:28.366 25780 25788 W .apps.wellbeing: ApkAssets: Deleting an ApkAssets object '<empty> and /data/app/~~cIecDr6DlrU7f0x_I0ODBg==/com.android.chrome-blrRGmw7WdBOdlntCkA70A==/split_config.en.apk' with 1 weak references
01-07 15:01:28.366 25780 25788 W .apps.wellbeing: ApkAssets: Deleting an ApkAssets object '<empty> and /data/app/~~cIecDr6DlrU7f0x_I0ODBg==/com.android.chrome-blrRGmw7WdBOdlntCkA70A==/split_dev_ui.apk' with 1 weak references
01-07 15:01:28.366 25780 25788 W .apps.wellbeing: ApkAssets: Deleting an ApkAssets object '<empty> and /data/app/~~cIecDr6DlrU7f0x_I0ODBg==/com.android.chrome-blrRGmw7WdBOdlntCkA70A==/split_on_demand.apk' with 1 weak references
01-07 15:01:28.366 25780 25788 W .apps.wellbeing: ApkAssets: Deleting an ApkAssets object '<empty> and /data/app/~~cIecDr6DlrU7f0x_I0ODBg==/com.android.chrome-blrRGmw7WdBOdlntCkA70A==/split_stack_unwinder.apk' with 1 weak references
01-07 15:01:28.366 25780 25788 W .apps.wellbeing: ApkAssets: Deleting an ApkAssets object '<empty> and /data/app/~~cIecDr6DlrU7f0x_I0ODBg==/com.android.chrome-blrRGmw7WdBOdlntCkA70A==/split_test_dummy.apk' with 1 weak references
01-07 15:01:28.366 25780 25788 W .apps.wellbeing: ApkAssets: Deleting an ApkAssets object '<empty> and /data/app/~~unNVOr8mYHICktbyCgLXiQ==/com.google.android.trichromelibrary_749914638-X9pv1E4L9gvCMo2Lx8f7ug==/base.apk' with 1 weak references
01-07 15:01:28.366 25780 25788 W .apps.wellbeing: ApkAssets: Deleting an ApkAssets object '<empty> and /system/priv-app/GooglePackageInstaller/GooglePackageInstaller.apk' with 1 weak references
01-07 15:01:28.366 25780 25788 W .apps.wellbeing: ApkAssets: Deleting an ApkAssets object '<empty> and /product/app/PixelThemesStub/PixelThemesStub.apk' with 1 weak references
01-07 15:01:28.367 25780 25788 W .apps.wellbeing: ApkAssets: Deleting an ApkAssets object '<empty> and /system_ext/priv-app/GoogleServicesFramework/GoogleServicesFramework.apk' with 1 weak references
01-07 15:01:28.368 25780 25788 W .apps.wellbeing: ApkAssets: Deleting an ApkAssets object '<empty> and /system/priv-app/TagGoogle/TagGoogle.apk' with 1 weak references
01-07 15:01:28.368 25780 25788 W .apps.wellbeing: ApkAssets: Deleting an ApkAssets object '<empty> and /data/app/~~3-0VGoM-2ApA1gWQnaxkXw==/com.google.android.tts-8YbPTCcgW5-qYYCSEMET0g==/base.apk' with 1 weak references
01-07 15:01:28.368 25780 25788 W .apps.wellbeing: ApkAssets: Deleting an ApkAssets object '<empty> and /data/app/~~3-0VGoM-2ApA1gWQnaxkXw==/com.google.android.tts-8YbPTCcgW5-qYYCSEMET0g==/split_config.en.apk' with 1 weak references
01-07 15:01:28.368 25780 25788 W .apps.wellbeing: ApkAssets: Deleting an ApkAssets object '<empty> and /data/app/~~3-0VGoM-2ApA1gWQnaxkXw==/com.google.android.tts-8YbPTCcgW5-qYYCSEMET0g==/split_config.x86_64.apk' with 1 weak references
01-07 15:01:28.368 25780 25788 W .apps.wellbeing: ApkAssets: Deleting an ApkAssets object '<empty> and /data/app/~~3-0VGoM-2ApA1gWQnaxkXw==/com.google.android.tts-8YbPTCcgW5-qYYCSEMET0g==/split_config.xxhdpi.apk' with 1 weak references
01-07 15:01:28.368 25780 25788 W .apps.wellbeing: ApkAssets: Deleting an ApkAssets object '<empty> and /system/priv-app/CallLogBackup/CallLogBackup.apk' with 1 weak references
01-07 15:01:28.369 25780 25788 W .apps.wellbeing: ApkAssets: Deleting an ApkAssets object '<empty> and /data/app/~~e04JBeq_E0eE2hP2ShIyJw==/com.google.android.partnersetup-28UMbWbYhqc0naWlg6lggg==/base.apk' with 1 weak references
01-07 15:01:28.369 25780 25788 W .apps.wellbeing: ApkAssets: Deleting an ApkAssets object '<empty> and /data/app/~~e04JBeq_E0eE2hP2ShIyJw==/com.google.android.partnersetup-28UMbWbYhqc0naWlg6lggg==/split_config.bn.apk' with 1 weak references
01-07 15:01:28.369 25780 25788 W .apps.wellbeing: ApkAssets: Deleting an ApkAssets object '<empty> and /data/app/~~e04JBeq_E0eE2hP2ShIyJw==/com.google.android.partnersetup-28UMbWbYhqc0naWlg6lggg==/split_config.en.apk' with 1 weak references
01-07 15:01:28.369 25780 25788 W .apps.wellbeing: ApkAssets: Deleting an ApkAssets object '<empty> and /data/app/~~e04JBeq_E0eE2hP2ShIyJw==/com.google.android.partnersetup-28UMbWbYhqc0naWlg6lggg==/split_config.gu.apk' with 1 weak references
01-07 15:01:28.370 25780 25788 W .apps.wellbeing: ApkAssets: Deleting an ApkAssets object '<empty> and /data/app/~~e04JBeq_E0eE2hP2ShIyJw==/com.google.android.partnersetup-28UMbWbYhqc0naWlg6lggg==/split_config.hi.apk' with 1 weak references
01-07 15:01:28.370 25780 25788 W .apps.wellbeing: ApkAssets: Deleting an ApkAssets object '<empty> and /data/app/~~e04JBeq_E0eE2hP2ShIyJw==/com.google.android.partnersetup-28UMbWbYhqc0naWlg6lggg==/split_config.kn.apk' with 1 weak references
01-07 15:01:28.370 25780 25788 W .apps.wellbeing: ApkAssets: Deleting an ApkAssets object '<empty> and /data/app/~~e04JBeq_E0eE2hP2ShIyJw==/com.google.android.partnersetup-28UMbWbYhqc0naWlg6lggg==/split_config.mr.apk' with 1 weak references
01-07 15:01:28.370 25780 25788 W .apps.wellbeing: ApkAssets: Deleting an ApkAssets object '<empty> and /data/app/~~e04JBeq_E0eE2hP2ShIyJw==/com.google.android.partnersetup-28UMbWbYhqc0naWlg6lggg==/split_config.ta.apk' with 1 weak references
01-07 15:01:28.370 25780 25788 W .apps.wellbeing: ApkAssets: Deleting an ApkAssets object '<empty> and /data/app/~~e04JBeq_E0eE2hP2ShIyJw==/com.google.android.partnersetup-28UMbWbYhqc0naWlg6lggg==/split_config.te.apk' with 1 weak references
01-07 15:01:28.370 25780 25788 W .apps.wellbeing: ApkAssets: Deleting an ApkAssets object '<empty> and /data/app/~~e04JBeq_E0eE2hP2ShIyJw==/com.google.android.partnersetup-28UMbWbYhqc0naWlg6lggg==/split_config.xxhdpi.apk' with 1 weak references
01-07 15:01:28.370 25780 25788 W .apps.wellbeing: ApkAssets: Deleting an ApkAssets object '<empty> and /system/app/CameraExtensionsProxy/CameraExtensionsProxy.apk' with 1 weak references
01-07 15:01:28.370 25780 25788 W .apps.wellbeing: ApkAssets: Deleting an ApkAssets object '<empty> and /product/app/NexusWallpapersStubPrebuilt2018/NexusWallpapersStubPrebuilt2018.apk' with 1 weak references
01-07 15:01:28.370 25780 25788 W .apps.wellbeing: ApkAssets: Deleting an ApkAssets object '<empty> and /system_ext/priv-app/NexusLauncherRelease/NexusLauncherRelease.apk' with 1 weak references
01-07 15:01:28.371 25780 25788 W .apps.wellbeing: ApkAssets: Deleting an ApkAssets object '<empty> and /system/app/CarrierDefaultApp/CarrierDefaultApp.apk' with 1 weak references
01-07 15:01:28.371 25780 25788 W .apps.wellbeing: ApkAssets: Deleting an ApkAssets object '<empty> and /system/priv-app/CredentialManager/CredentialManager.apk' with 1 weak references
01-07 15:01:28.371 25780 25788 W .apps.wellbeing: ApkAssets: Deleting an ApkAssets object '<empty> and /product/overlay/FontNotoSerifSource/FontNotoSerifSourceOverlay.apk' with 1 weak references
01-07 15:01:28.371 25780 25788 W .apps.wellbeing: ApkAssets: Deleting an ApkAssets object '<empty> and /system/priv-app/DeviceAsWebcam/DeviceAsWebcam.apk' with 1 weak references
01-07 15:01:28.371 25780 25788 W .apps.wellbeing: ApkAssets: Deleting an ApkAssets object '<empty> and /system/priv-app/ProxyHandler/ProxyHandler.apk' with 1 weak references
01-07 15:01:28.371 25780 25788 W .apps.wellbeing: ApkAssets: Deleting an ApkAssets object '<empty> and /apex/com.android.permission/priv-app/GoogleSafetyCenterResources@350820360/GoogleSafetyCenterResources.apk' with 1 weak references
01-07 15:01:28.371 25780 25788 W .apps.wellbeing: ApkAssets: Deleting an ApkAssets object '<empty> and /product/overlay/DisplayCutoutEmulationWaterfall/DisplayCutoutEmulationWaterfallOverlay.apk' with 1 weak references
01-07 15:01:28.371 25780 25788 W .apps.wellbeing: ApkAssets: Deleting an ApkAssets object '<empty> and /system/priv-app/IntentResolver/IntentResolver.apk' with 1 weak references
01-07 15:01:28.372 25780 25788 W .apps.wellbeing: ApkAssets: Deleting an ApkAssets object '<empty> and /product/overlay/TransparentNavigationBar/TransparentNavigationBarOverlay.apk' with 1 weak references
01-07 15:01:28.372 25780 25788 W .apps.wellbeing: ApkAssets: Deleting an ApkAssets object '<empty> and /system/priv-app/E2eeContactKeysProvider/E2eeContactKeysProvider.apk' with 1 weak references
01-07 15:01:28.372 25780 25788 W .apps.wellbeing: ApkAssets: Deleting an ApkAssets object '<empty> and /apex/com.android.tethering/priv-app/ServiceConnectivityResourcesGoogle@350820300/ServiceConnectivityResourcesGoogle.apk' with 1 weak references
01-07 15:01:28.383   463   463 E SurfaceFlinger: Out of order buffers detected for RequestedLayerState{com.google.android.apps.nexuslauncher/com.google.android.apps.nexuslauncher.NexusLauncherActivity#1812 parentId=1390} producedId=52 frameNumber=269 -> producedId=52 frameNumber=90
01-07 15:01:28.383 25780 25788 W .apps.wellbeing: ApkAssets: Deleting an ApkAssets object '/vendor/overlay/goldfish_overlay_connectivity_google.apk' with 1 weak references
01-07 15:01:28.384 25780 25788 W .apps.wellbeing: ApkAssets: Deleting an ApkAssets object '<empty> and /system_ext/priv-app/GoogleFeedback/GoogleFeedback.apk' with 1 weak references
01-07 15:01:28.384 25780 25788 W .apps.wellbeing: ApkAssets: Deleting an ApkAssets object '<empty> and /system/app/GooglePrintRecommendationService/GooglePrintRecommendationService.apk' with 1 weak references
01-07 15:01:28.384 25780 25788 W .apps.wellbeing: ApkAssets: Deleting an ApkAssets object '<empty> and /data/app/~~lBQxhRUMVv4Nup8yfD5BIg==/com.google.android.apps.photos-2wPzkF1aOnkFH0xRnXbH5g==/base.apk' with 1 weak references
01-07 15:01:28.384 25780 25788 W .apps.wellbeing: ApkAssets: Deleting an ApkAssets object '<empty> and /data/app/~~lBQxhRUMVv4Nup8yfD5BIg==/com.google.android.apps.photos-2wPzkF1aOnkFH0xRnXbH5g==/split_config.en.apk' with 1 weak references
01-07 15:01:28.385 25780 25788 W .apps.wellbeing: ApkAssets: Deleting an ApkAssets object '<empty> and /data/app/~~lBQxhRUMVv4Nup8yfD5BIg==/com.google.android.apps.photos-2wPzkF1aOnkFH0xRnXbH5g==/split_config.x86_64.apk' with 1 weak references
01-07 15:01:28.385 25780 25788 W .apps.wellbeing: ApkAssets: Deleting an ApkAssets object '<empty> and /data/app/~~lBQxhRUMVv4Nup8yfD5BIg==/com.google.android.apps.photos-2wPzkF1aOnkFH0xRnXbH5g==/split_config.xxhdpi.apk' with 1 weak references
01-07 15:01:28.385 25780 25788 W .apps.wellbeing: ApkAssets: Deleting an ApkAssets object '<empty> and /data/app/~~JwIs-dDNnFEacLKG3kfTyA==/com.google.android.calendar-287hz-JqzEO0IULVOYkxzg==/base.apk' with 1 weak references
01-07 15:01:28.385 25780 25788 W .apps.wellbeing: ApkAssets: Deleting an ApkAssets object '<empty> and /data/app/~~JwIs-dDNnFEacLKG3kfTyA==/com.google.android.calendar-287hz-JqzEO0IULVOYkxzg==/split_config.en.apk' with 1 weak references
01-07 15:01:28.385 25780 25788 W .apps.wellbeing: ApkAssets: Deleting an ApkAssets object '<empty> and /data/app/~~JwIs-dDNnFEacLKG3kfTyA==/com.google.android.calendar-287hz-JqzEO0IULVOYkxzg==/split_config.x86_64.apk' with 1 weak references
01-07 15:01:28.385 25780 25788 W .apps.wellbeing: ApkAssets: Deleting an ApkAssets object '<empty> and /data/app/~~JwIs-dDNnFEacLKG3kfTyA==/com.google.android.calendar-287hz-JqzEO0IULVOYkxzg==/split_config.xxhdpi.apk' with 1 weak references
01-07 15:01:28.385 25780 25788 W .apps.wellbeing: ApkAssets: Deleting an ApkAssets object '<empty> and /system/priv-app/ManagedProvisioning/ManagedProvisioning.apk' with 1 weak references
01-07 15:01:28.385 25780 25788 W .apps.wellbeing: ApkAssets: Deleting an ApkAssets object '<empty> and /system/priv-app/SoundPicker/SoundPicker.apk' with 1 weak references
01-07 15:01:28.385 25780 25788 W .apps.wellbeing: ApkAssets: Deleting an ApkAssets object '<empty> and /system/priv-app/DocumentsUIGoogle/DocumentsUIGoogle.apk' with 1 weak references
01-07 15:01:28.386 25780 25788 W .apps.wellbeing: ApkAssets: Deleting an ApkAssets object '<empty> and /product/app/PrebuiltGoogleTelemetryTvp/PrebuiltGoogleTelemetryTvp.apk' with 1 weak references
01-07 15:01:28.386 25780 25788 W .apps.wellbeing: ApkAssets: Deleting an ApkAssets object '<empty> and /system_ext/priv-app/MultiDisplayProvider/MultiDisplayProvider.apk' with 1 weak references
01-07 15:01:28.386 25780 25788 W .apps.wellbeing: ApkAssets: Deleting an ApkAssets object '<empty> and /system/priv-app/DeviceDiagnostics/DeviceDiagnostics.apk' with 1 weak references
01-07 15:01:28.386 25780 25788 W .apps.wellbeing: ApkAssets: Deleting an ApkAssets object '/product/overlay/DeviceDiagnostics__sdk_gphone64_x86_64__auto_generated_rro_product.apk' with 1 weak references
01-07 15:01:28.386 25780 25788 W .apps.wellbeing: ApkAssets: Deleting an ApkAssets object '<empty> and /product/overlay/NotesRoleEnabled/NotesRoleEnabledOverlay.apk' with 1 weak references
01-07 15:01:28.386 25780 25788 W .apps.wellbeing: ApkAssets: Deleting an ApkAssets object '<empty> and /system/priv-app/LiveWallpapersPicker/LiveWallpapersPicker.apk' with 1 weak references
01-07 15:01:28.386 25780 25788 W .apps.wellbeing: ApkAssets: Deleting an ApkAssets object '<empty> and /product/app/PrebuiltGoogleAdservicesTvp/PrebuiltGoogleAdservicesTvp.apk' with 1 weak references
01-07 15:01:28.387 25780 25788 W .apps.wellbeing: ApkAssets: Deleting an ApkAssets object '<empty> and /data/app/~~rO6mK8X_VndEWs3wBfU4SA==/com.example.callblockerpro-pLoCfORmrYA_oQW47FK6QA==/base.apk' with 1 weak references
01-07 15:01:28.387 25780 25788 W .apps.wellbeing: ApkAssets: Deleting an ApkAssets object '<empty> and /apex/com.android.healthfitness/priv-app/HealthConnectControllerGoogle@350820300/HealthConnectControllerGoogle.apk' with 1 weak references
01-07 15:01:28.387 25780 25788 W .apps.wellbeing: ApkAssets: Deleting an ApkAssets object '<empty> and /product/priv-app/KidsSupervisionStub/KidsSupervisionStub.apk' with 1 weak references
01-07 15:01:28.387 25780 25788 W .apps.wellbeing: ApkAssets: Deleting an ApkAssets object '<empty> and /system_ext/priv-app/StorageManager/StorageManager.apk' with 1 weak references
01-07 15:01:28.387 25780 25788 W .apps.wellbeing: ApkAssets: Deleting an ApkAssets object '/product/overlay/StorageManager__sdk_gphone64_x86_64__auto_generated_rro_product.apk' with 1 weak references
01-07 15:01:28.387 25780 25788 W .apps.wellbeing: ApkAssets: Deleting an ApkAssets object '<empty> and /system/app/BookmarkProvider/BookmarkProvider.apk' with 1 weak references
01-07 15:01:28.387 25780 25788 W .apps.wellbeing: ApkAssets: Deleting an ApkAssets object '<empty> and /system_ext/priv-app/SettingsGoogle/SettingsGoogle.apk' with 1 weak references
01-07 15:01:28.389 25780 25788 W .apps.wellbeing: ApkAssets: Deleting an ApkAssets object '/product/overlay/SettingsGoogle__sdk_gphone64_x86_64__auto_generated_rro_product.apk' with 1 weak references
01-07 15:01:28.389 25780 25788 W .apps.wellbeing: ApkAssets: Deleting an ApkAssets object '<empty> and /product/priv-app/SettingsIntelligenceGooglePrebuilt/SettingsIntelligenceGooglePrebuilt.apk' with 1 weak references
01-07 15:01:28.389 25780 25788 W .apps.wellbeing: ApkAssets: Deleting an ApkAssets object '<empty> and /apex/com.android.uwb/priv-app/ServiceUwbResourcesGoogle@350820300/ServiceUwbResourcesGoogle.apk' with 1 weak references
01-07 15:01:28.391 25780 25788 W .apps.wellbeing: ApkAssets: Deleting an ApkAssets object '<empty> and /apex/com.android.wifi/priv-app/ServiceWifiResourcesGoogle@350820300/ServiceWifiResourcesGoogle.apk' with 1 weak references
01-07 15:01:28.391 25780 25788 W .apps.wellbeing: ApkAssets: Deleting an ApkAssets object '<empty> and /system_ext/priv-app/ThemePicker/ThemePicker.apk' with 1 weak references
01-07 15:01:28.391 25780 25788 W .apps.wellbeing: ApkAssets: Deleting an ApkAssets object '<empty> and /system_ext/priv-app/WallpaperPickerGoogleRelease/WallpaperPickerGoogleRelease.apk' with 1 weak references
01-07 15:01:28.392 25780 25788 W .apps.wellbeing: ApkAssets: Deleting an ApkAssets object '<empty> and /product/priv-app/OdadPrebuilt/OdadPrebuilt.apk' with 1 weak references
01-07 15:01:28.397 25780 25788 W .apps.wellbeing: ApkAssets: Deleting an ApkAssets object '<empty> and /system/priv-app/TeleService/TeleService.apk' with 1 weak references
01-07 15:01:28.397 25780 25788 W .apps.wellbeing: ApkAssets: Deleting an ApkAssets object '/vendor/overlay/TeleService__sdk_gphone64_x86_64__auto_generated_rro_vendor.apk' with 1 weak references
01-07 15:01:28.398 25780 25788 W .apps.wellbeing: ApkAssets: Deleting an ApkAssets object '/product/overlay/TeleService__sdk_gphone64_x86_64__auto_generated_rro_product.apk' with 1 weak references
01-07 15:01:28.398 25780 25788 W .apps.wellbeing: ApkAssets: Deleting an ApkAssets object '<empty> and /system/priv-app/Shell/Shell.apk' with 1 weak references
01-07 15:01:28.398 25780 25788 W .apps.wellbeing: ApkAssets: Deleting an ApkAssets object '<empty> and /system/priv-app/BlockedNumberProvider/BlockedNumberProvider.apk' with 1 weak references
01-07 15:01:28.399 25780 25788 W .apps.wellbeing: ApkAssets: Deleting an ApkAssets object '<empty> and /system/priv-app/UserDictionaryProvider/UserDictionaryProvider.apk' with 1 weak references
01-07 15:01:28.399 25780 25788 W .apps.wellbeing: ApkAssets: Deleting an ApkAssets object '<empty> and /system_ext/app/EmergencyInfoGoogleNoUi/EmergencyInfoGoogleNoUi.apk' with 1 weak references
01-07 15:01:28.399 25780 25788 W .apps.wellbeing: ApkAssets: Deleting an ApkAssets object '<empty> and /product/overlay/NavigationBarModeGestural/NavigationBarModeGesturalOverlay.apk' with 1 weak references
01-07 15:01:28.399 25780 25788 W .apps.wellbeing: ApkAssets: Deleting an ApkAssets object '<empty> and /system/priv-app/FusedLocation/FusedLocation.apk' with 1 weak references
01-07 15:01:28.399 25780 25788 W .apps.wellbeing: ApkAssets: Deleting an ApkAssets object '<empty> and /system_ext/priv-app/SystemUIGoogle/SystemUIGoogle.apk' with 1 weak references
01-07 15:01:28.400 25780 25788 W .apps.wellbeing: ApkAssets: Deleting an ApkAssets object '/vendor/overlay/SystemUIGoogle__sdk_gphone64_x86_64__auto_generated_rro_vendor.apk' with 1 weak references
01-07 15:01:28.400 25780 25788 W .apps.wellbeing: ApkAssets: Deleting an ApkAssets object '/product/overlay/SystemUIGoogle__sdk_gphone64_x86_64__auto_generated_rro_product.apk' with 1 weak references
01-07 15:01:28.400 25780 25788 W .apps.wellbeing: ApkAssets: Deleting an ApkAssets object '/product/overlay/SystemUIEmulationPixel8/SystemUIEmulationPixel8Overlay.apk' with 1 weak references
01-07 15:01:28.401 25780 25788 W .apps.wellbeing: ApkAssets: Deleting an ApkAssets object '<empty> and /data/app/~~LN_bpZrZ6bcjuK4oQSa3jQ==/com.google.android.apps.youtube.music-uRrR8Xmz46lB-qzCwEzI9A==/base.apk' with 1 weak references
01-07 15:01:28.401 25780 25788 W .apps.wellbeing: ApkAssets: Deleting an ApkAssets object '<empty> and /data/app/~~LN_bpZrZ6bcjuK4oQSa3jQ==/com.google.android.apps.youtube.music-uRrR8Xmz46lB-qzCwEzI9A==/split_config.en.apk' with 1 weak references
01-07 15:01:28.401 25780 25788 W .apps.wellbeing: ApkAssets: Deleting an ApkAssets object '<empty> and /data/app/~~LN_bpZrZ6bcjuK4oQSa3jQ==/com.google.android.apps.youtube.music-uRrR8Xmz46lB-qzCwEzI9A==/split_config.xxhdpi.apk' with 1 weak references
01-07 15:01:28.401 25780 25788 W .apps.wellbeing: ApkAssets: Deleting an ApkAssets object '<empty> and /system/app/BluetoothMidiService/BluetoothMidiService.apk' with 1 weak references
01-07 15:01:28.401 25780 25788 W .apps.wellbeing: ApkAssets: Deleting an ApkAssets object '<empty> and /system/app/Traceur/Traceur.apk' with 1 weak references
01-07 15:01:28.401 25780 25788 W .apps.wellbeing: ApkAssets: Deleting an ApkAssets object '<empty> and /apex/com.android.cellbroadcast/priv-app/GoogleCellBroadcastApp@350820300/GoogleCellBroadcastApp.apk' with 1 weak references
01-07 15:01:28.402 25780 25788 W .apps.wellbeing: ApkAssets: Deleting an ApkAssets object '<empty> and /system/priv-app/ContactsProvider/ContactsProvider.apk' with 1 weak references
01-07 15:01:28.402 25780 25788 W .apps.wellbeing: ApkAssets: Deleting an ApkAssets object '/product/overlay/ContactsProvider__sdk_gphone64_x86_64__auto_generated_rro_product.apk' with 1 weak references
01-07 15:01:28.402 25780 25788 W .apps.wellbeing: ApkAssets: Deleting an ApkAssets object '<empty> and /data/app/~~EyiN5sXa7UWbHqVzjkEoRg==/com.google.android.inputmethod.latin-_Tk3lxodeGUWcT1NaWAhLQ==/base.apk' with 1 weak references
01-07 15:01:28.403 25780 25788 W .apps.wellbeing: ApkAssets: Deleting an ApkAssets object '<empty> and /data/app/~~EyiN5sXa7UWbHqVzjkEoRg==/com.google.android.inputmethod.latin-_Tk3lxodeGUWcT1NaWAhLQ==/split_brella_feature_split.apk' with 1 weak references
01-07 15:01:28.403 25780 25788 W .apps.wellbeing: ApkAssets: Deleting an ApkAssets object '<empty> and /data/app/~~EyiN5sXa7UWbHqVzjkEoRg==/com.google.android.inputmethod.latin-_Tk3lxodeGUWcT1NaWAhLQ==/split_config.xxhdpi.apk' with 1 weak references
01-07 15:01:28.403 25780 25788 W .apps.wellbeing: ApkAssets: Deleting an ApkAssets object '<empty> and /data/app/~~EyiN5sXa7UWbHqVzjkEoRg==/com.google.android.inputmethod.latin-_Tk3lxodeGUWcT1NaWAhLQ==/split_tenoranimation_feature_split.apk' with 1 weak references
01-07 15:01:28.403 25780 25788 W .apps.wellbeing: ApkAssets: Deleting an ApkAssets object '<empty> and /data/app/~~c99bb1k26YQ8FnB7nwikSg==/com.google.android.apps.restore-YDHq10Wtmb7uI0X1axprpg==/base.apk' with 1 weak references
01-07 15:01:28.403 25780 25788 W .apps.wellbeing: ApkAssets: Deleting an ApkAssets object '<empty> and /data/app/~~c99bb1k26YQ8FnB7nwikSg==/com.google.android.apps.restore-YDHq10Wtmb7uI0X1axprpg==/split_config.en.apk' with 1 weak references
01-07 15:01:28.407   463   463 E SurfaceFlinger: Out of order buffers detected for RequestedLayerState{com.google.android.apps.nexuslauncher/com.google.android.apps.nexuslauncher.NexusLauncherActivity#1812 parentId=1390} producedId=52 frameNumber=269 -> producedId=52 frameNumber=91
01-07 15:01:28.409 25780 25788 W .apps.wellbeing: ApkAssets: Deleting an ApkAssets object '<empty> and /data/app/~~c99bb1k26YQ8FnB7nwikSg==/com.google.android.apps.restore-YDHq10Wtmb7uI0X1axprpg==/split_config.xxhdpi.apk' with 1 weak references
01-07 15:01:28.412   861 16400 V WindowManagerShell: onTransitionReady(transaction=2602750190145)
