01-07 15:01:28.414   861   983 V WindowManagerShell: onTransitionReady (#188) android.os.BinderProxy@c879aee: {id=188 t=OPEN f=0x0 trk=0 r=[0@Point(0, 0)] c=[{WCT{android.window.IWindowContainerToken$Stub$Proxy@3372b38} m=OPEN f=NONE leash=Surface(name=Task=65)/@0x1e3695 sb=Rect(0, 0 - 1080, 2400) eb=Rect(0, 0 - 1080, 2400) d=0 taskParent=-1},{WCT{android.window.IWindowContainerToken$Stub$Proxy@2f8a711} m=TO_BACK f=SHOW_WALLPAPER leash=Surface(name=Task=1)/@0xdbcd3aa sb=Rect(0, 0 - 1080, 2400) eb=Rect(0, 0 - 1080, 2400) d=0 taskParent=-1}]}
01-07 15:01:28.415   606   630 V WindowManager: Sent Transition (#188) createdAt=01-07 15:01:28.066 via request=TransitionRequestInfo { type = OPEN, triggerTask = TaskInfo{userId=0 taskId=65 displayId=0 isRunning=true baseIntent=Intent { flg=0x10000000 cmp=com.example.callblockerpro/.MainActivity } baseActivity=ComponentInfo{com.example.callblockerpro/com.example.callblockerpro.MainActivity} topActivity=ComponentInfo{com.example.callblockerpro/com.example.callblockerpro.MainActivity} origActivity=null realActivity=ComponentInfo{com.example.callblockerpro/com.example.callblockerpro.MainActivity} numActivities=1 lastActiveTime=12942863 supportsMultiWindow=true resizeMode=1 isResizeable=true minWidth=-1 minHeight=-1 defaultMinSize=220 token=WCT{RemoteToken{d13ac86 Task{c29b344 #65 type=standard A=10234:com.example.callblockerpro}}} topActivityType=1 pictureInPictureParams=null shouldDockBigOverlays=false launchIntoPipHostTaskId=-1 lastParentTaskIdBeforePip=-1 displayCutoutSafeInsets=Rect(0, 132 - 0, 0) topActivityInfo=ActivityInfo{5957947 com.example.callblockerpro.MainActivity} launchCookies=[] positionInParent=Point(0, 0) parentTaskId=-1 isFocused=false isVisible=false isVisibleRequested=false isSleeping=false locusId=null displayAreaFeatureId=1 isTopActivityTransparent=false appCompatTaskInfo=AppCompatTaskInfo { topActivityInSizeCompat=false topActivityEligibleForLetterboxEducation= falseisLetterboxEducationEnabled= true isLetterboxDoubleTapEnabled= false topActivityEligibleForUserAspectRatioButton= false topActivityBoundsLetterboxed= false isFromLetterboxDoubleTap= false topActivityLetterboxVerticalPosition= -1 topActivityLetterboxHorizontalPosition= -1 topActivityLetterboxWidth=1080 topActivityLetterboxHeight=2400 isUserFullscreenOverrideEnabled=false isSystemFullscreenOverrideEnabled=false cameraCompatTaskInfo=CameraCompatTaskInfo { cameraCompatControlState=hidden freeformCameraCompatMode=inactive}}}, pipTask = null, remoteTransition = null, displayChange = null, flags = 0, debugId = 188 }
01-07 15:01:28.416   606   630 V WindowManager:     startWCT=WindowContainerTransaction { changes = {} hops = [] errorCallbackToken=null taskFragmentOrganizer=null }
01-07 15:01:28.416   606   630 V WindowManager:     info={id=188 t=OPEN f=0x0 trk=0 r=[0@Point(0, 0)] c=[
01-07 15:01:28.416   606   630 V WindowManager:         {WCT{RemoteToken{d13ac86 Task{c29b344 #65 type=standard A=10234:com.example.callblockerpro}}} m=OPEN f=NONE leash=Surface(name=Task=65)/@0xa6e5eba sb=Rect(0, 0 - 1080, 2400) eb=Rect(0, 0 - 1080, 2400) d=0 taskParent=-1},
01-07 15:01:28.416   606   630 V WindowManager:         {WCT{RemoteToken{28f99a0 Task{341b58f #1 type=home}}} m=TO_BACK f=SHOW_WALLPAPER leash=Surface(name=Task=1)/@0x133bd07 sb=Rect(0, 0 - 1080, 2400) eb=Rect(0, 0 - 1080, 2400) d=0 taskParent=-1}
01-07 15:01:28.416   606   630 V WindowManager:     ]}
01-07 15:01:28.420   861   983 V WindowManagerShell: Playing animation for (#188) android.os.BinderProxy@c879aee@0
01-07 15:01:28.420   861   983 V WindowManagerShell:  try handler com.android.wm.shell.transition.DefaultMixedHandler@3d91478
01-07 15:01:28.420   861   983 V WindowManagerShell:  try handler com.android.wm.shell.keyguard.KeyguardTransitionHandler@47a7751
01-07 15:01:28.420   861   983 V WindowManagerShell:  try handler com.android.wm.shell.pip.PipTransition@225abb6
01-07 15:01:28.420   861   983 V WindowManagerShell:  try handler com.android.wm.shell.activityembedding.ActivityEmbeddingController@91fc0b7
01-07 15:01:28.420   861   983 V WindowManagerShell:  try handler com.android.wm.shell.recents.RecentsTransitionHandler@3c70024
01-07 15:01:28.421   861   983 V ShellRecents: RecentsTransitionHandler.startAnimation: no controller found
01-07 15:01:28.421   861   983 V WindowManagerShell:  try handler com.android.wm.shell.splitscreen.StageCoordinator@d9e378d
01-07 15:01:28.421   861   983 V WindowManagerShell:  try handler com.android.wm.shell.transition.RemoteTransitionHandler@558cd42
01-07 15:01:28.421   861   983 V WindowManagerShell: Transition doesn't have explicit remote, search filters for match for {id=188 t=OPEN f=0x0 trk=0 r=[0@Point(0, 0)] c=[{WCT{android.window.IWindowContainerToken$Stub$Proxy@3372b38} m=OPEN f=NONE leash=Surface(name=Task=65)/@0x1e3695 sb=Rect(0, 0 - 1080, 2400) eb=Rect(0, 0 - 1080, 2400) d=0 taskParent=-1},{WCT{android.window.IWindowContainerToken$Stub$Proxy@2f8a711} m=TO_BACK f=SHOW_WALLPAPER leash=Surface(name=Task=1)/@0xdbcd3aa sb=Rect(0, 0 - 1080, 2400) eb=Rect(0, 0 - 1080, 2400) d=0 taskParent=-1}]}
01-07 15:01:28.421   861   983 V WindowManagerShell:  Checking filter Pair{{types=[] flags=0x0] notFlags=0x0 checks=[{atype=undefined independent=true modes=[OPEN,TO_FRONT] flags=IN_TASK_WITH_EMBEDDED_ACTIVITY mustBeTask=false order=ANY topActivity=ComponentInfo{com.google.android.apps.nexuslauncher/com.google.android.apps.nexuslauncher.NexusLauncherActivity} launchCookie=null},{atype=undefined independent=true modes=[CLOSE,TO_BACK] flags=IN_TASK_WITH_EMBEDDED_ACTIVITY mustBeTask=false order=ANY topActivity=null launchCookie=null}]} RemoteTransition { remoteTransition = android.window.IRemoteTransition$Stub$Proxy@68bb8c0, appThread = android.app.IApplicationThread$Stub$Proxy@4859f9, debugName = OverlaySwipeBack }}
01-07 15:01:28.421   861   983 V WindowManagerShell:  Checking filter Pair{{types=[] flags=0x0] notFlags=0x0 checks=[{atype=dream independent=true modes=[OPEN,TO_FRONT] flags=NONE mustBeTask=false order=ANY topActivity=null launchCookie=null},{atype=home independent=true modes=[CLOSE,TO_BACK] flags=NONE mustBeTask=false order=ANY topActivity=null launchCookie=null}]} RemoteTransition { remoteTransition = android.window.IRemoteTransition$Stub$Proxy@9ce5d3e, appThread = android.app.IApplicationThread$Stub$Proxy@93ac79f, debugName = LauncherToDream }}
01-07 15:01:28.421   861   983 V WindowManagerShell:  Checking filter Pair{{types=[] flags=0x0] notFlags=0x100 checks=[{atype=home independent=true modes=[OPEN,TO_FRONT] flags=NONE mustBeTask=false order=TOP topActivity=ComponentInfo{com.google.android.apps.nexuslauncher/com.google.android.apps.nexuslauncher.NexusLauncherActivity} launchCookie=null},{atype=standard independent=true modes=[CLOSE,TO_BACK] flags=NONE mustBeTask=false order=ANY topActivity=null launchCookie=null}]} RemoteTransition { remoteTransition = android.window.IRemoteTransition$Stub$Proxy@ad3a0ec, appThread = android.app.IApplicationThread$Stub$Proxy@9ab9cb5, debugName = QuickstepLaunchHome }}
01-07 15:01:28.421   861   983 V WindowManagerShell:  Delegate animation for (#188) to null
01-07 15:01:28.421   861   983 V WindowManagerShell:  try handler com.android.wm.shell.transition.DefaultTransitionHandler@865b153
01-07 15:01:28.421   861   983 V WindowManagerShell: start default transition animation, info = {id=188 t=OPEN f=0x0 trk=0 r=[0@Point(0, 0)] c=[{WCT{android.window.IWindowContainerToken$Stub$Proxy@3372b38} m=OPEN f=NONE leash=Surface(name=Task=65)/@0x1e3695 sb=Rect(0, 0 - 1080, 2400) eb=Rect(0, 0 - 1080, 2400) d=0 taskParent=-1},{WCT{android.window.IWindowContainerToken$Stub$Proxy@2f8a711} m=TO_BACK f=SHOW_WALLPAPER leash=Surface(name=Task=1)/@0xdbcd3aa sb=Rect(0, 0 - 1080, 2400) eb=Rect(0, 0 - 1080, 2400) d=0 taskParent=-1}]}
01-07 15:01:28.425   463   463 E SurfaceFlinger: Out of order buffers detected for RequestedLayerState{com.google.android.apps.nexuslauncher/com.google.android.apps.nexuslauncher.NexusLauncherActivity#1812 parentId=1390} producedId=52 frameNumber=269 -> producedId=52 frameNumber=92
01-07 15:01:28.427   606  1705 W UserManagerService: Requested status bar icon for non-badged user 0
01-07 15:01:28.432   861   983 V WindowManagerShell: loadAnimation: anim=android.view.animation.AnimationSet@e982e02 animAttr=0x13 type=OPEN isEntrance=false
01-07 15:01:28.437   861   983 V WindowManagerShell: loadAnimation: anim=android.view.animation.AnimationSet@d5f284e animAttr=0x12 type=OPEN isEntrance=true
01-07 15:01:28.440   861   983 V WindowManagerShell:  animated by com.android.wm.shell.transition.DefaultTransitionHandler@865b153
01-07 15:01:28.511  1136  1536 D EGL_emulation: app_time_stats: avg=41504.12ms min=1.61ms max=539297.88ms count=13
01-07 15:01:28.539   861  1039 D EGL_emulation: app_time_stats: avg=28519.43ms min=28519.43ms max=28519.43ms count=1
01-07 15:01:28.557 27454 27454 I .callblockerpro: Using CollectorTypeCMC GC.
01-07 15:01:28.558   463   463 E SurfaceFlinger: Out of order buffers detected for RequestedLayerState{com.google.android.apps.nexuslauncher/com.google.android.apps.nexuslauncher.NexusLauncherActivity#1812 parentId=1390} producedId=52 frameNumber=269 -> producedId=52 frameNumber=93
01-07 15:01:28.558 27454 27454 W .callblockerpro: Unexpected CPU variant for x86: x86_64.
01-07 15:01:28.558 27454 27454 W .callblockerpro: Known variants: atom, sandybridge, silvermont, goldmont, goldmont-plus, goldmont-without-sha-xsaves, tremont, kabylake, default
01-07 15:01:28.574   477   487 I adbd    : jdwp connection from 27454
01-07 15:01:28.587 27454 27454 D nativeloader: Load libframework-connectivity-tiramisu-jni.so using APEX ns com_android_tethering for caller /apex/com.android.tethering/javalib/framework-connectivity-t.jar: ok
01-07 15:01:28.705 27454 27454 W ziparchive: Unable to open '/data/app/~~rO6mK8X_VndEWs3wBfU4SA==/com.example.callblockerpro-pLoCfORmrYA_oQW47FK6QA==/base.dm': No such file or directory
01-07 15:01:28.705 27454 27454 W ziparchive: Unable to open '/data/app/~~rO6mK8X_VndEWs3wBfU4SA==/com.example.callblockerpro-pLoCfORmrYA_oQW47FK6QA==/base.dm': No such file or directory
01-07 15:01:28.743   861   983 V WindowManagerShell: Transition animation finished (aborted=false), notifying core (#188) android.os.BinderProxy@c879aee@0
01-07 15:01:28.747   606   630 V WindowManager: Finish Transition (#188): created at 01-07 15:01:28.066 collect-started=0.202ms request-sent=37.3ms started=104.883ms ready=329.757ms sent=343.042ms finished=679.15ms
01-07 15:01:28.759   861   983 V WindowManagerShell: Track 0 became idle
01-07 15:01:28.760   861   983 V WindowManagerShell: All active transition animations finished
01-07 15:01:28.767   606  1705 W UserManagerService: Requested status bar icon for non-badged user 0
01-07 15:01:28.770   606  2161 W UserManagerService: Requested status bar icon for non-badged user 0
01-07 15:01:28.774  1136  1136 D VRI[NexusLauncherActivity]: visibilityChanged oldVisibility=true newVisibility=false
01-07 15:01:28.778  1136  1136 D NexusLauncherModelDelegate: notifySmartspaceEvent: SmartspaceTargetEvent{mSmartspaceTarget=null, mSmartspaceActionId='null', mEventType=7}
01-07 15:01:29.086 27454 27454 D nativeloader: Configuring clns-7 for other apk /data/app/~~rO6mK8X_VndEWs3wBfU4SA==/com.example.callblockerpro-pLoCfORmrYA_oQW47FK6QA==/base.apk. target_sdk_version=35, uses_libraries=, library_path=/data/app/~~rO6mK8X_VndEWs3wBfU4SA==/com.example.callblockerpro-pLoCfORmrYA_oQW47FK6QA==/lib/x86_64:/data/app/~~rO6mK8X_VndEWs3wBfU4SA==/com.example.callblockerpro-pLoCfORmrYA_oQW47FK6QA==/base.apk!/lib/x86_64, permitted_path=/data:/mnt/expand:/data/user/0/com.example.callblockerpro
01-07 15:01:29.099 27454 27454 D CompatChangeReporter: Compat change id reported: 202956589; UID 10234; state: ENABLED
01-07 15:01:29.123 27454 27454 V GraphicsEnvironment: Currently set values for:
01-07 15:01:29.124 27454 27454 V GraphicsEnvironment:   angle_gl_driver_selection_pkgs=[]
01-07 15:01:29.124 27454 27454 V GraphicsEnvironment:   angle_gl_driver_selection_values=[]
01-07 15:01:29.124 27454 27454 V GraphicsEnvironment: Global.Settings values are invalid: number of packages: 0, number of values: 0
01-07 15:01:29.124 27454 27454 V GraphicsEnvironment: Neither updatable production driver nor prerelease driver is supported.
01-07 15:01:29.219 27454 27454 D WM-WrkMgrInitializer: Initializing WorkManager with default configuration.
01-07 15:01:29.318   606   714 D ActivityManager: freezing 26156 com.android.keychain
01-07 15:01:29.319   606   714 D ActivityManager: freezing 27327 com.android.settings
01-07 15:01:29.455 27454 27454 D WM-PackageManagerHelper: Skipping component enablement for androidx.work.impl.background.systemjob.SystemJobService
01-07 15:01:29.456 27454 27454 D WM-Schedulers: Created SystemJobScheduler and enabled SystemJobService
01-07 15:01:29.512 27454 27454 D CompatChangeReporter: Compat change id reported: 279646685; UID 10234; state: ENABLED
01-07 15:01:29.571   606  1134 W OptProp : Cannot read opt property android.window.PROPERTY_COMPAT_ENABLE_FAKE_FOCUS
01-07 15:01:29.572   606  1134 D CompatChangeReporter: Compat change id reported: 324203798; UID 10234; state: ENABLED
01-07 15:01:29.582   606   702 D IntervalStats: Unable to parse usage stats packages: [234, 242]
01-07 15:01:29.582   606   702 D IntervalStats: Unable to parse event packages: [242]
01-07 15:01:29.823 27454 27454 D CompatChangeReporter: Compat change id reported: 309578419; UID 10234; state: ENABLED
01-07 15:01:30.043 27454 27454 W HWUI    : Unknown dataspace 0
01-07 15:01:31.117   606  1431 E TaskPersister: File error accessing recents directory (directory doesn't exist?).
01-07 15:01:31.125   848   848 I wpa_supplicant: wlan0: CTRL-EVENT-BEACON-LOSS 
01-07 15:01:31.355 15689 15728 I NullBinder: NullBinder for android.net.action.RECOMMEND_NETWORKS triggering remote TransactionTooLargeException due to Service without Chimera impl, calling uid: 1000, calling pid: 0
01-07 15:01:31.355 15689 15728 W .gms.persistent: Large reply transaction of 1056768 bytes, interface descriptor , code 1
01-07 15:01:31.363   606   775 W IPCThreadState: Sending oneway calls to frozen process.
01-07 15:01:31.363   606   775 W IPCThreadState: Sending oneway calls to frozen process.
01-07 15:01:31.364   606   775 W IPCThreadState: Sending oneway calls to frozen process.
01-07 15:01:31.365  1405  1907 I BugleRcsEngine: Connected state: [1], networkType: [WIFI] [CONTEXT thread_id=60 ]
01-07 15:01:31.367  1405  2211 I BugleRcsEngine: handleMessage processing message:[NOTIFY_UPTIME_IGNORE_STATE_CHANGED] with [non-null]:RcsEngineImpl reference [CONTEXT log_prefix="RcsEngineImpl[DUAL_REG]:[16250445-7ef6]>Handler" thread_id=69 ]
01-07 15:01:31.368   606   775 W IPCThreadState: Sending oneway calls to frozen process.
01-07 15:01:31.369   606   775 W IPCThreadState: Sending oneway calls to frozen process.
01-07 15:01:31.369   606   775 W IPCThreadState: Sending oneway calls to frozen process.
01-07 15:01:31.369 24976 25175 D WM-NetworkStateTracker: Network capabilities changed: [ Transports: WIFI Capabilities: NOT_METERED&INTERNET&NOT_RESTRICTED&TRUSTED&NOT_VPN&VALIDATED&NOT_ROAMING&FOREGROUND&NOT_CONGESTED&NOT_SUSPENDED&NOT_VCN_MANAGED&NOT_BANDWIDTH_CONSTRAINED LinkUpBandwidth>=12000Kbps LinkDnBandwidth>=30000Kbps TransportInfo: <SSID: <unknown ssid>, BSSID: 02:00:00:00:00:00, MAC: 02:00:00:00:00:00, IP: /10.0.2.16, Security type: 0, Supplicant state: COMPLETED, Wi-Fi standard: legacy, RSSI: -50, Link speed: 1Mbps, Tx Link speed: 1Mbps, Max Supported Tx Link speed: 11Mbps, Rx Link speed: 2Mbps, Max Supported Rx Link speed: 11Mbps, Frequency: 2447MHz, Net ID: -1, Metered hint: false, score: 60, isUsable: true, CarrierMerged: false, SubscriptionId: -1, IsPrimary: -1, Trusted: true, Restricted: false, Ephemeral: false, OEM paid: false, OEM private: false, OSU AP: false, FQDN: <none>, Provider friendly name: <none>, Requesting package name: <none><none>MLO Information: , Is TID-To-Link negotiation supported by the AP: false, AP MLD Address: <none>, AP MLO Link Id: <none>, AP MLO Affiliated links: <none>, Vendor Data: <none>> SignalStrength: -50 UnderlyingNetworks: Null]
01-07 15:01:31.369   606   775 W IPCThreadState: Sending oneway calls to frozen process.
01-07 15:01:31.369   606   775 W IPCThreadState: Sending oneway calls to frozen process.
01-07 15:01:31.369   606   775 W IPCThreadState: Sending oneway calls to frozen process.
01-07 15:01:31.369   606   775 W IPCThreadState: Sending oneway calls to frozen process.
01-07 15:01:31.369   606   775 W IPCThreadState: Sending oneway calls to frozen process.
01-07 15:01:31.369   606   775 W IPCThreadState: Sending oneway calls to frozen process.
01-07 15:01:31.369   606   775 W IPCThreadState: Sending oneway calls to frozen process.
01-07 15:01:31.369   606   775 W IPCThreadState: Sending oneway calls to frozen process.
01-07 15:01:31.379  1405  2211 I BugleRcsEngine: No RCS Configuration was found in Bugle for simID: redacted-pii:sim_id[chars:20,last3:897] [CONTEXT log_prefix="ProvisioningEngineDataRetriever" thread_id=69 ]
01-07 15:01:31.750 27454 27459 I .callblockerpro: Compiler allocated 5174KB to compile void android.view.ViewRootImpl.performTraversals()
01-07 15:01:32.107 27454 27454 W .callblockerpro: Method boolean androidx.compose.runtime.snapshots.SnapshotStateList.conditionalUpdate(boolean, kotlin.jvm.functions.Function1) failed lock verification and will run slower.
01-07 15:01:32.107 27454 27454 W .callblockerpro: Common causes for lock verification issues are non-optimized dex code
01-07 15:01:32.107 27454 27454 W .callblockerpro: and incorrect proguard optimizations.
01-07 15:01:32.107 27454 27454 W .callblockerpro: Method boolean androidx.compose.runtime.snapshots.SnapshotStateList.conditionalUpdate$default(androidx.compose.runtime.snapshots.SnapshotStateList, boolean, kotlin.jvm.functions.Function1, int, java.lang.Object) failed lock verification and will run slower.
01-07 15:01:32.107 27454 27454 W .callblockerpro: Method java.lang.Object androidx.compose.runtime.snapshots.SnapshotStateList.mutate(kotlin.jvm.functions.Function1) failed lock verification and will run slower.
01-07 15:01:32.108 27454 27454 W .callblockerpro: Method void androidx.compose.runtime.snapshots.SnapshotStateList.update(boolean, kotlin.jvm.functions.Function1) failed lock verification and will run slower.
01-07 15:01:32.108 27454 27454 W .callblockerpro: Method void androidx.compose.runtime.snapshots.SnapshotStateList.update$default(androidx.compose.runtime.snapshots.SnapshotStateList, boolean, kotlin.jvm.functions.Function1, int, java.lang.Object) failed lock verification and will run slower.
01-07 15:01:32.585   606  1705 D CoreBackPreview: Window{acb5cc2 u0 com.example.callblockerpro/com.example.callblockerpro.MainActivity}: Setting back callback OnBackInvokedCallbackInfo{mCallback=android.window.IOnBackInvokedCallback$Stub$Proxy@de318c5, mPriority=0, mIsAnimationCallback=false}
01-07 15:01:32.908 27454 27471 I EGL_emulation: Opening libGLESv1_CM_emulation.so
01-07 15:01:32.913 27454 27471 I EGL_emulation: Opening libGLESv2_emulation.so
01-07 15:01:32.965 27454 27471 W HWUI    : Failed to choose config with EGL_SWAP_BEHAVIOR_PRESERVED, retrying without...
01-07 15:01:32.966 27454 27471 W HWUI    : Failed to initialize 101010-2 format, error = EGL_SUCCESS
01-07 15:01:33.077   172   172 I hwservicemanager: getTransport: Cannot find entry android.hardware.graphics.mapper@4.0::IMapper/default in either framework or device VINTF manifest.
01-07 15:01:33.078 27454 27471 I Gralloc4: mapper 4.x is not supported
01-07 15:01:33.314   606   630 W ziparchive: Unable to open '/data/app/~~rO6mK8X_VndEWs3wBfU4SA==/com.example.callblockerpro-pLoCfORmrYA_oQW47FK6QA==/base.dm': No such file or directory
01-07 15:01:33.316   606   630 I ActivityTaskManager: Displayed com.example.callblockerpro/.MainActivity for user 0: +5s266ms
01-07 15:01:33.334 27454 27466 I HWUI    : Davey! duration=3265ms; Flags=1, FrameTimelineVsyncId=1311946, IntendedVsync=12944816350454, Vsync=12944816350454, InputEventId=0, HandleInputStart=12944825916600, AnimationStart=12944826012800, PerformTraversalsStart=12944826192100, DrawStart=12947858922700, FrameDeadline=12944833017120, FrameInterval=12944825826800, FrameStartTime=16666666, SyncQueued=12947899397400, SyncStart=12947901459400, IssueDrawCommandsStart=12947903381100, SwapBuffers=12948057566300, FrameCompleted=12948084160300, DequeueBufferDuration=221500, QueueBufferDuration=312200, GpuCompleted=12948084160300, SwapBuffersCompleted=12948065382500, DisplayPresentTime=72904454231359566, CommandSubmissionCompleted=12948057566300, 
01-07 15:01:33.382 27454 27454 D CompatChangeReporter: Compat change id reported: 303742236; UID 10234; state: ENABLED
01-07 15:01:33.387 27454 27454 I Choreographer: Skipped 172 frames!  The application may be doing too much work on its main thread.
01-07 15:01:33.410   606   731 I ImeTracker: com.example.callblockerpro:4bcd0bc0: onRequestHide at ORIGIN_SERVER reason HIDE_UNSPECIFIED_WINDOW fromUser false
01-07 15:01:33.410   606   731 I ImeTracker: com.example.callblockerpro:4bcd0bc0: onCancelled at PHASE_SERVER_SHOULD_HIDE
01-07 15:01:33.453  1306  1306 I GoogleInputMethodService: GoogleInputMethodService.onFinishInput():2092 
01-07 15:01:33.464  1136  1136 D BaseDepthController: setSurface:
01-07 15:01:33.464  1136  1136 D BaseDepthController: 	mWaitingOnSurfaceValidity: false
01-07 15:01:33.464  1136  1136 D BaseDepthController: 	mSurface: null
01-07 15:01:33.470  1136  1136 D BaseDepthController: mSurface is null and mCurrentBlur is: 0
01-07 15:01:33.481  1136  1136 D StateManager: goToState - fromState: Normal, toState: Normal, partial trace:
01-07 15:01:33.481  1136  1136 D StateManager: 	at com.android.launcher3.statemanager.StateManager.moveToRestState(go/retraceme 2855a437b73635ce9cad76b9289087e631bbb67fc90008a0da13d343a00e5041:4)
01-07 15:01:33.481  1136  1136 D StateManager: 	at com.android.launcher3.statemanager.StateManager.moveToRestState(go/retraceme 2855a437b73635ce9cad76b9289087e631bbb67fc90008a0da13d343a00e5041:1)
01-07 15:01:33.481  1136  1136 D StateManager: 	at com.android.launcher3.statemanager.StatefulActivity.onStop(go/retraceme 2855a437b73635ce9cad76b9289087e631bbb67fc90008a0da13d343a00e5041:34)
01-07 15:01:33.483  1136  1136 D StatsLog: LAUNCHER_ONSTOP
01-07 15:01:33.488  1136  1871 D OneSearchSuggestProvider: Shut down the binder channel
01-07 15:01:33.491  1306  1306 I Module  : DeviceLockedStatusModuleProvider$Module.updateDeviceLockedStatus():103 repeatCheckTimes = 0, locked = false
01-07 15:01:33.492  1306  1306 W NotificationCenter: NotificationCenter$NotificationQueue.notifyPendingNotificationsOnExecutor():877 Heavy notify work detected on UI thread: [mnh->kmi, mnh->kko, mnh->kko, mnh->kko, mnh->gix, mnh->kko, mnh->kko, mnh->kko, mnh->kko, mnh->mma, mnh->opo, mnh->kko, mnh->kko, mnh->obd, mnh->lrg, mnh->kko, mnh->kko, mnh->iah, mnh->glh, mnh->mmk, mnh->khy, mnh->hiz, mnh->kko, mnh->kko] takes 26ms
01-07 15:01:33.495  1136  1136 D StatsLog: LAUNCHER_GOOGLE_SEARCH_RESTORE_LIST_SIZE_AFTER_ACTIVITY_RESTART
01-07 15:01:33.520  1306  1306 I GoogleInputMethodService: GoogleInputMethodService.onStartInput():1349 onStartInput(EditorInfo{EditorInfo{packageName=com.example.callblockerpro, inputType=0, inputTypeString=NULL, enableLearning=false, autoCorrection=false, autoComplete=false, imeOptions=0, privateImeOptions=null, actionName=UNSPECIFIED, actionLabel=null, initialSelStart=-1, initialSelEnd=-1, initialCapsMode=0, label=null, fieldId=0, fieldName=null, extras=null, hintText=null, hintLocales=[]}}, false)
01-07 15:01:33.533  1306  1306 I Module  : DeviceLockedStatusModuleProvider$Module.updateDeviceLockedStatus():103 repeatCheckTimes = 1, locked = false
01-07 15:01:33.551   606  1705 W PackageConfigPersister: App-specific configuration not found for packageName: com.example.callblockerpro and userId: 0
01-07 15:01:33.562 15689 15728 I FontLog : (REDACTED) Received query %s, URI %s
01-07 15:01:33.564 15689 15728 I FontLog : (REDACTED) Query [%s] resolved to %s
01-07 15:01:33.569 15689 15728 I FontLog : (REDACTED) Fetch %s end status %s
01-07 15:01:33.626 15689 15728 I FontLog : (REDACTED) Pulling font file for id = %d, cache size = %d
01-07 15:01:33.656 15689 15728 I FontLog : (REDACTED) Pulling font file for id = %d, cache size = %d
01-07 15:01:33.706  1136  1536 D EGL_emulation: app_time_stats: avg=226.86ms min=2.62ms max=4769.37ms count=22
01-07 15:01:33.712   861  1025 W WindowOnBackDispatcher: sendCancelIfRunning: isInProgress=false callback=android.view.ViewRootImpl$$ExternalSyntheticLambda11@f067820
01-07 15:01:33.716   606  1705 W InputManager-JNI: Input channel object '7c96e29 Splash Screen com.example.callblockerpro (client)' was disposed without first being removed with the input manager!
01-07 15:01:33.719   606  1134 D CoreBackPreview: Window{7c96e29 u0 Splash Screen com.example.callblockerpro EXITING}: Setting back callback null
01-07 15:01:35.165 27454 27485 D ProfileInstaller: Installing profile for com.example.callblockerpro
01-07 15:01:35.432  2041  4045 I artd    : Dex parent of /data/app/~~F2IBwp7eNoIzIsGx16WjaQ==/com.google.android.gms-g4b4mckbt0pXCHCPS3I7FQ==/base.apk is not writable: Permission denied
01-07 15:01:35.432  2041  4045 I artd    : GetBestInfo checking odex in dalvik-cache (/data/dalvik-cache/x86_64/data@app@~~F2IBwp7eNoIzIsGx16WjaQ==@com.google.android.gms-g4b4mckbt0pXCHCPS3I7FQ==@base.apk@classes.dex)
01-07 15:01:35.432  2041  4045 I artd    : Loading /data/dalvik-cache/x86_64/data@app@~~F2IBwp7eNoIzIsGx16WjaQ==@com.google.android.gms-g4b4mckbt0pXCHCPS3I7FQ==@base.apk@classes.dex with executable: 0
01-07 15:01:35.432  2041  4045 I artd    : OatFileAssistant test for existing oat file /data/dalvik-cache/x86_64/data@app@~~F2IBwp7eNoIzIsGx16WjaQ==@com.google.android.gms-g4b4mckbt0pXCHCPS3I7FQ==@base.apk@classes.dex: File /data/dalvik-cache/x86_64/data@app@~~F2IBwp7eNoIzIsGx16WjaQ==@com.google.android.gms-g4b4mckbt0pXCHCPS3I7FQ==@base.apk@classes.vdex does not exist.
01-07 15:01:35.433  2041  4045 I artd    : GetBestInfo checking odex next to the dex file (/data/app/~~F2IBwp7eNoIzIsGx16WjaQ==/com.google.android.gms-g4b4mckbt0pXCHCPS3I7FQ==/oat/x86_64/base.odex)
01-07 15:01:35.433  2041  4045 I artd    : Loading /data/app/~~F2IBwp7eNoIzIsGx16WjaQ==/com.google.android.gms-g4b4mckbt0pXCHCPS3I7FQ==/oat/x86_64/base.odex with executable: 0
01-07 15:01:35.439  2041  4045 I artd    : Successfully loaded /data/app/~~F2IBwp7eNoIzIsGx16WjaQ==/com.google.android.gms-g4b4mckbt0pXCHCPS3I7FQ==/oat/x86_64/base.odex with executable: 0
01-07 15:01:35.439  2041  4045 I artd    : /data/app/~~F2IBwp7eNoIzIsGx16WjaQ==/com.google.android.gms-g4b4mckbt0pXCHCPS3I7FQ==/oat/x86_64/base.odex is kOatUpToDate with filter speed-profile
01-07 15:01:35.443  2041  4045 I artd    : Dex parent of /data/app/~~F2IBwp7eNoIzIsGx16WjaQ==/com.google.android.gms-g4b4mckbt0pXCHCPS3I7FQ==/split_AdsDynamite_installtime.apk is not writable: Permission denied
01-07 15:01:35.443  2041  4045 I artd    : GetBestInfo checking odex in dalvik-cache (/data/dalvik-cache/x86_64/data@app@~~F2IBwp7eNoIzIsGx16WjaQ==@com.google.android.gms-g4b4mckbt0pXCHCPS3I7FQ==@split_AdsDynamite_installtime.apk@classes.dex)
01-07 15:01:35.443  2041  4045 I artd    : Loading /data/dalvik-cache/x86_64/data@app@~~F2IBwp7eNoIzIsGx16WjaQ==@com.google.android.gms-g4b4mckbt0pXCHCPS3I7FQ==@split_AdsDynamite_installtime.apk@classes.dex with executable: 0
01-07 15:01:35.443  2041  4045 I artd    : OatFileAssistant test for existing oat file /data/dalvik-cache/x86_64/data@app@~~F2IBwp7eNoIzIsGx16WjaQ==@com.google.android.gms-g4b4mckbt0pXCHCPS3I7FQ==@split_AdsDynamite_installtime.apk@classes.dex: File /data/dalvik-cache/x86_64/data@app@~~F2IBwp7eNoIzIsGx16WjaQ==@com.google.android.gms-g4b4mckbt0pXCHCPS3I7FQ==@split_AdsDynamite_installtime.apk@classes.vdex does not exist.
01-07 15:01:35.443  2041  4045 I artd    : GetBestInfo checking odex next to the dex file (/data/app/~~F2IBwp7eNoIzIsGx16WjaQ==/com.google.android.gms-g4b4mckbt0pXCHCPS3I7FQ==/oat/x86_64/split_AdsDynamite_installtime.odex)
01-07 15:01:35.443  2041  4045 I artd    : Loading /data/app/~~F2IBwp7eNoIzIsGx16WjaQ==/com.google.android.gms-g4b4mckbt0pXCHCPS3I7FQ==/oat/x86_64/split_AdsDynamite_installtime.odex with executable: 0
01-07 15:01:35.443  2041  4045 I artd    : Successfully loaded /data/app/~~F2IBwp7eNoIzIsGx16WjaQ==/com.google.android.gms-g4b4mckbt0pXCHCPS3I7FQ==/oat/x86_64/split_AdsDynamite_installtime.odex with executable: 0
01-07 15:01:35.444  2041  4045 I artd    : /data/app/~~F2IBwp7eNoIzIsGx16WjaQ==/com.google.android.gms-g4b4mckbt0pXCHCPS3I7FQ==/oat/x86_64/split_AdsDynamite_installtime.odex is kOatUpToDate with filter speed
01-07 15:01:35.446  2041  4045 I artd    : Dex parent of /data/app/~~F2IBwp7eNoIzIsGx16WjaQ==/com.google.android.gms-g4b4mckbt0pXCHCPS3I7FQ==/split_CronetDynamite_installtime.apk is not writable: Permission denied
01-07 15:01:35.446  2041  4045 I artd    : GetBestInfo checking odex in dalvik-cache (/data/dalvik-cache/x86_64/data@app@~~F2IBwp7eNoIzIsGx16WjaQ==@com.google.android.gms-g4b4mckbt0pXCHCPS3I7FQ==@split_CronetDynamite_installtime.apk@classes.dex)
01-07 15:01:35.446  2041  4045 I artd    : Loading /data/dalvik-cache/x86_64/data@app@~~F2IBwp7eNoIzIsGx16WjaQ==@com.google.android.gms-g4b4mckbt0pXCHCPS3I7FQ==@split_CronetDynamite_installtime.apk@classes.dex with executable: 0
01-07 15:01:35.446  2041  4045 I artd    : OatFileAssistant test for existing oat file /data/dalvik-cache/x86_64/data@app@~~F2IBwp7eNoIzIsGx16WjaQ==@com.google.android.gms-g4b4mckbt0pXCHCPS3I7FQ==@split_CronetDynamite_installtime.apk@classes.dex: File /data/dalvik-cache/x86_64/data@app@~~F2IBwp7eNoIzIsGx16WjaQ==@com.google.android.gms-g4b4mckbt0pXCHCPS3I7FQ==@split_CronetDynamite_installtime.apk@classes.vdex does not exist.
01-07 15:01:35.446  2041  4045 I artd    : GetBestInfo checking odex next to the dex file (/data/app/~~F2IBwp7eNoIzIsGx16WjaQ==/com.google.android.gms-g4b4mckbt0pXCHCPS3I7FQ==/oat/x86_64/split_CronetDynamite_installtime.odex)
01-07 15:01:35.446  2041  4045 I artd    : Loading /data/app/~~F2IBwp7eNoIzIsGx16WjaQ==/com.google.android.gms-g4b4mckbt0pXCHCPS3I7FQ==/oat/x86_64/split_CronetDynamite_installtime.odex with executable: 0
01-07 15:01:35.447  2041  4045 I artd    : Successfully loaded /data/app/~~F2IBwp7eNoIzIsGx16WjaQ==/com.google.android.gms-g4b4mckbt0pXCHCPS3I7FQ==/oat/x86_64/split_CronetDynamite_installtime.odex with executable: 0
01-07 15:01:35.447  2041  4045 I artd    : /data/app/~~F2IBwp7eNoIzIsGx16WjaQ==/com.google.android.gms-g4b4mckbt0pXCHCPS3I7FQ==/oat/x86_64/split_CronetDynamite_installtime.odex is kOatUpToDate with filter speed
01-07 15:01:35.448  2041  4045 I artd    : Dex parent of /data/app/~~F2IBwp7eNoIzIsGx16WjaQ==/com.google.android.gms-g4b4mckbt0pXCHCPS3I7FQ==/split_DynamiteLoader_installtime.apk is not writable: Permission denied
01-07 15:01:35.448  2041  4045 I artd    : GetBestInfo checking odex in dalvik-cache (/data/dalvik-cache/x86_64/data@app@~~F2IBwp7eNoIzIsGx16WjaQ==@com.google.android.gms-g4b4mckbt0pXCHCPS3I7FQ==@split_DynamiteLoader_installtime.apk@classes.dex)
01-07 15:01:35.448  2041  4045 I artd    : Loading /data/dalvik-cache/x86_64/data@app@~~F2IBwp7eNoIzIsGx16WjaQ==@com.google.android.gms-g4b4mckbt0pXCHCPS3I7FQ==@split_DynamiteLoader_installtime.apk@classes.dex with executable: 0
01-07 15:01:35.448  2041  4045 I artd    : OatFileAssistant test for existing oat file /data/dalvik-cache/x86_64/data@app@~~F2IBwp7eNoIzIsGx16WjaQ==@com.google.android.gms-g4b4mckbt0pXCHCPS3I7FQ==@split_DynamiteLoader_installtime.apk@classes.dex: File /data/dalvik-cache/x86_64/data@app@~~F2IBwp7eNoIzIsGx16WjaQ==@com.google.android.gms-g4b4mckbt0pXCHCPS3I7FQ==@split_DynamiteLoader_installtime.apk@classes.vdex does not exist.
01-07 15:01:35.448  2041  4045 I artd    : GetBestInfo checking odex next to the dex file (/data/app/~~F2IBwp7eNoIzIsGx16WjaQ==/com.google.android.gms-g4b4mckbt0pXCHCPS3I7FQ==/oat/x86_64/split_DynamiteLoader_installtime.odex)
01-07 15:01:35.448  2041  4045 I artd    : Loading /data/app/~~F2IBwp7eNoIzIsGx16WjaQ==/com.google.android.gms-g4b4mckbt0pXCHCPS3I7FQ==/oat/x86_64/split_DynamiteLoader_installtime.odex with executable: 0
01-07 15:01:35.449  2041  4045 I artd    : Successfully loaded /data/app/~~F2IBwp7eNoIzIsGx16WjaQ==/com.google.android.gms-g4b4mckbt0pXCHCPS3I7FQ==/oat/x86_64/split_DynamiteLoader_installtime.odex with executable: 0
01-07 15:01:35.449  2041  4045 I artd    : /data/app/~~F2IBwp7eNoIzIsGx16WjaQ==/com.google.android.gms-g4b4mckbt0pXCHCPS3I7FQ==/oat/x86_64/split_DynamiteLoader_installtime.odex is kOatUpToDate with filter speed
01-07 15:01:35.451  2041  4045 I artd    : Dex parent of /data/app/~~F2IBwp7eNoIzIsGx16WjaQ==/com.google.android.gms-g4b4mckbt0pXCHCPS3I7FQ==/split_DynamiteModulesA_installtime.apk is not writable: Permission denied
01-07 15:01:35.451  2041  4045 I artd    : GetBestInfo checking odex in dalvik-cache (/data/dalvik-cache/x86_64/data@app@~~F2IBwp7eNoIzIsGx16WjaQ==@com.google.android.gms-g4b4mckbt0pXCHCPS3I7FQ==@split_DynamiteModulesA_installtime.apk@classes.dex)
01-07 15:01:35.451  2041  4045 I artd    : Loading /data/dalvik-cache/x86_64/data@app@~~F2IBwp7eNoIzIsGx16WjaQ==@com.google.android.gms-g4b4mckbt0pXCHCPS3I7FQ==@split_DynamiteModulesA_installtime.apk@classes.dex with executable: 0
01-07 15:01:35.451  2041  4045 I artd    : OatFileAssistant test for existing oat file /data/dalvik-cache/x86_64/data@app@~~F2IBwp7eNoIzIsGx16WjaQ==@com.google.android.gms-g4b4mckbt0pXCHCPS3I7FQ==@split_DynamiteModulesA_installtime.apk@classes.dex: File /data/dalvik-cache/x86_64/data@app@~~F2IBwp7eNoIzIsGx16WjaQ==@com.google.android.gms-g4b4mckbt0pXCHCPS3I7FQ==@split_DynamiteModulesA_installtime.apk@classes.vdex does not exist.
01-07 15:01:35.451  2041  4045 I artd    : GetBestInfo checking odex next to the dex file (/data/app/~~F2IBwp7eNoIzIsGx16WjaQ==/com.google.android.gms-g4b4mckbt0pXCHCPS3I7FQ==/oat/x86_64/split_DynamiteModulesA_installtime.odex)
01-07 15:01:35.451  2041  4045 I artd    : Loading /data/app/~~F2IBwp7eNoIzIsGx16WjaQ==/com.google.android.gms-g4b4mckbt0pXCHCPS3I7FQ==/oat/x86_64/split_DynamiteModulesA_installtime.odex with executable: 0
01-07 15:01:35.452  2041  4045 I artd    : Successfully loaded /data/app/~~F2IBwp7eNoIzIsGx16WjaQ==/com.google.android.gms-g4b4mckbt0pXCHCPS3I7FQ==/oat/x86_64/split_DynamiteModulesA_installtime.odex with executable: 0
01-07 15:01:35.452  2041  4045 I artd    : /data/app/~~F2IBwp7eNoIzIsGx16WjaQ==/com.google.android.gms-g4b4mckbt0pXCHCPS3I7FQ==/oat/x86_64/split_DynamiteModulesA_installtime.odex is kOatUpToDate with filter speed
01-07 15:01:35.454  2041  4045 I artd    : Dex parent of /data/app/~~F2IBwp7eNoIzIsGx16WjaQ==/com.google.android.gms-g4b4mckbt0pXCHCPS3I7FQ==/split_DynamiteModulesC_installtime.apk is not writable: Permission denied
01-07 15:01:35.455  2041  4045 I artd    : GetBestInfo checking odex in dalvik-cache (/data/dalvik-cache/x86_64/data@app@~~F2IBwp7eNoIzIsGx16WjaQ==@com.google.android.gms-g4b4mckbt0pXCHCPS3I7FQ==@split_DynamiteModulesC_installtime.apk@classes.dex)
01-07 15:01:35.455  2041  4045 I artd    : Loading /data/dalvik-cache/x86_64/data@app@~~F2IBwp7eNoIzIsGx16WjaQ==@com.google.android.gms-g4b4mckbt0pXCHCPS3I7FQ==@split_DynamiteModulesC_installtime.apk@classes.dex with executable: 0
01-07 15:01:35.455  2041  4045 I artd    : OatFileAssistant test for existing oat file /data/dalvik-cache/x86_64/data@app@~~F2IBwp7eNoIzIsGx16WjaQ==@com.google.android.gms-g4b4mckbt0pXCHCPS3I7FQ==@split_DynamiteModulesC_installtime.apk@classes.dex: File /data/dalvik-cache/x86_64/data@app@~~F2IBwp7eNoIzIsGx16WjaQ==@com.google.android.gms-g4b4mckbt0pXCHCPS3I7FQ==@split_DynamiteModulesC_installtime.apk@classes.vdex does not exist.
01-07 15:01:35.455  2041  4045 I artd    : GetBestInfo checking odex next to the dex file (/data/app/~~F2IBwp7eNoIzIsGx16WjaQ==/com.google.android.gms-g4b4mckbt0pXCHCPS3I7FQ==/oat/x86_64/split_DynamiteModulesC_installtime.odex)
01-07 15:01:35.455  2041  4045 I artd    : Loading /data/app/~~F2IBwp7eNoIzIsGx16WjaQ==/com.google.android.gms-g4b4mckbt0pXCHCPS3I7FQ==/oat/x86_64/split_DynamiteModulesC_installtime.odex with executable: 0
01-07 15:01:35.455  2041  4045 I artd    : Successfully loaded /data/app/~~F2IBwp7eNoIzIsGx16WjaQ==/com.google.android.gms-g4b4mckbt0pXCHCPS3I7FQ==/oat/x86_64/split_DynamiteModulesC_installtime.odex with executable: 0
01-07 15:01:35.456  2041  4045 I artd    : /data/app/~~F2IBwp7eNoIzIsGx16WjaQ==/com.google.android.gms-g4b4mckbt0pXCHCPS3I7FQ==/oat/x86_64/split_DynamiteModulesC_installtime.odex is kOatUpToDate with filter speed
01-07 15:01:35.461  2041  4045 I artd    : Dex parent of /data/app/~~F2IBwp7eNoIzIsGx16WjaQ==/com.google.android.gms-g4b4mckbt0pXCHCPS3I7FQ==/split_GoogleCertificates_installtime.apk is not writable: Permission denied
01-07 15:01:35.461  2041  4045 I artd    : GetBestInfo checking odex in dalvik-cache (/data/dalvik-cache/x86_64/data@app@~~F2IBwp7eNoIzIsGx16WjaQ==@com.google.android.gms-g4b4mckbt0pXCHCPS3I7FQ==@split_GoogleCertificates_installtime.apk@classes.dex)
01-07 15:01:35.461  2041  4045 I artd    : Loading /data/dalvik-cache/x86_64/data@app@~~F2IBwp7eNoIzIsGx16WjaQ==@com.google.android.gms-g4b4mckbt0pXCHCPS3I7FQ==@split_GoogleCertificates_installtime.apk@classes.dex with executable: 0
01-07 15:01:35.461  2041  4045 I artd    : OatFileAssistant test for existing oat file /data/dalvik-cache/x86_64/data@app@~~F2IBwp7eNoIzIsGx16WjaQ==@com.google.android.gms-g4b4mckbt0pXCHCPS3I7FQ==@split_GoogleCertificates_installtime.apk@classes.dex: File /data/dalvik-cache/x86_64/data@app@~~F2IBwp7eNoIzIsGx16WjaQ==@com.google.android.gms-g4b4mckbt0pXCHCPS3I7FQ==@split_GoogleCertificates_installtime.apk@classes.vdex does not exist.
01-07 15:01:35.461  2041  4045 I artd    : GetBestInfo checking odex next to the dex file (/data/app/~~F2IBwp7eNoIzIsGx16WjaQ==/com.google.android.gms-g4b4mckbt0pXCHCPS3I7FQ==/oat/x86_64/split_GoogleCertificates_installtime.odex)
01-07 15:01:35.461  2041  4045 I artd    : Loading /data/app/~~F2IBwp7eNoIzIsGx16WjaQ==/com.google.android.gms-g4b4mckbt0pXCHCPS3I7FQ==/oat/x86_64/split_GoogleCertificates_installtime.odex with executable: 0
01-07 15:01:35.461  2041  4045 I artd    : Successfully loaded /data/app/~~F2IBwp7eNoIzIsGx16WjaQ==/com.google.android.gms-g4b4mckbt0pXCHCPS3I7FQ==/oat/x86_64/split_GoogleCertificates_installtime.odex with executable: 0
01-07 15:01:35.461  2041  4045 I artd    : /data/app/~~F2IBwp7eNoIzIsGx16WjaQ==/com.google.android.gms-g4b4mckbt0pXCHCPS3I7FQ==/oat/x86_64/split_GoogleCertificates_installtime.odex is kOatUpToDate with filter speed
01-07 15:01:35.463  2041  4045 I artd    : Dex parent of /data/app/~~F2IBwp7eNoIzIsGx16WjaQ==/com.google.android.gms-g4b4mckbt0pXCHCPS3I7FQ==/split_MapsDynamite_installtime.apk is not writable: Permission denied
01-07 15:01:35.463  2041  4045 I artd    : GetBestInfo checking odex in dalvik-cache (/data/dalvik-cache/x86_64/data@app@~~F2IBwp7eNoIzIsGx16WjaQ==@com.google.android.gms-g4b4mckbt0pXCHCPS3I7FQ==@split_MapsDynamite_installtime.apk@classes.dex)
01-07 15:01:35.463  2041  4045 I artd    : Loading /data/dalvik-cache/x86_64/data@app@~~F2IBwp7eNoIzIsGx16WjaQ==@com.google.android.gms-g4b4mckbt0pXCHCPS3I7FQ==@split_MapsDynamite_installtime.apk@classes.dex with executable: 0
01-07 15:01:35.463  2041  4045 I artd    : OatFileAssistant test for existing oat file /data/dalvik-cache/x86_64/data@app@~~F2IBwp7eNoIzIsGx16WjaQ==@com.google.android.gms-g4b4mckbt0pXCHCPS3I7FQ==@split_MapsDynamite_installtime.apk@classes.dex: File /data/dalvik-cache/x86_64/data@app@~~F2IBwp7eNoIzIsGx16WjaQ==@com.google.android.gms-g4b4mckbt0pXCHCPS3I7FQ==@split_MapsDynamite_installtime.apk@classes.vdex does not exist.
01-07 15:01:35.463  2041  4045 I artd    : GetBestInfo checking odex next to the dex file (/data/app/~~F2IBwp7eNoIzIsGx16WjaQ==/com.google.android.gms-g4b4mckbt0pXCHCPS3I7FQ==/oat/x86_64/split_MapsDynamite_installtime.odex)
01-07 15:01:35.463  2041  4045 I artd    : Loading /data/app/~~F2IBwp7eNoIzIsGx16WjaQ==/com.google.android.gms-g4b4mckbt0pXCHCPS3I7FQ==/oat/x86_64/split_MapsDynamite_installtime.odex with executable: 0
01-07 15:01:35.463  2041  4045 I artd    : Successfully loaded /data/app/~~F2IBwp7eNoIzIsGx16WjaQ==/com.google.android.gms-g4b4mckbt0pXCHCPS3I7FQ==/oat/x86_64/split_MapsDynamite_installtime.odex with executable: 0
01-07 15:01:35.464  2041  4045 I artd    : /data/app/~~F2IBwp7eNoIzIsGx16WjaQ==/com.google.android.gms-g4b4mckbt0pXCHCPS3I7FQ==/oat/x86_64/split_MapsDynamite_installtime.odex is kOatUpToDate with filter speed
01-07 15:01:35.466  2041  4045 I artd    : Dex parent of /data/app/~~F2IBwp7eNoIzIsGx16WjaQ==/com.google.android.gms-g4b4mckbt0pXCHCPS3I7FQ==/split_MeasurementDynamite_installtime.apk is not writable: Permission denied
01-07 15:01:35.466  2041  4045 I artd    : GetBestInfo checking odex in dalvik-cache (/data/dalvik-cache/x86_64/data@app@~~F2IBwp7eNoIzIsGx16WjaQ==@com.google.android.gms-g4b4mckbt0pXCHCPS3I7FQ==@split_MeasurementDynamite_installtime.apk@classes.dex)
01-07 15:01:35.466  2041  4045 I artd    : Loading /data/dalvik-cache/x86_64/data@app@~~F2IBwp7eNoIzIsGx16WjaQ==@com.google.android.gms-g4b4mckbt0pXCHCPS3I7FQ==@split_MeasurementDynamite_installtime.apk@classes.dex with executable: 0
01-07 15:01:35.466  2041  4045 I artd    : OatFileAssistant test for existing oat file /data/dalvik-cache/x86_64/data@app@~~F2IBwp7eNoIzIsGx16WjaQ==@com.google.android.gms-g4b4mckbt0pXCHCPS3I7FQ==@split_MeasurementDynamite_installtime.apk@classes.dex: File /data/dalvik-cache/x86_64/data@app@~~F2IBwp7eNoIzIsGx16WjaQ==@com.google.android.gms-g4b4mckbt0pXCHCPS3I7FQ==@split_MeasurementDynamite_installtime.apk@classes.vdex does not exist.
01-07 15:01:35.466  2041  4045 I artd    : GetBestInfo checking odex next to the dex file (/data/app/~~F2IBwp7eNoIzIsGx16WjaQ==/com.google.android.gms-g4b4mckbt0pXCHCPS3I7FQ==/oat/x86_64/split_MeasurementDynamite_installtime.odex)
01-07 15:01:35.466  2041  4045 I artd    : Loading /data/app/~~F2IBwp7eNoIzIsGx16WjaQ==/com.google.android.gms-g4b4mckbt0pXCHCPS3I7FQ==/oat/x86_64/split_MeasurementDynamite_installtime.odex with executable: 0
01-07 15:01:35.467  2041  4045 I artd    : Successfully loaded /data/app/~~F2IBwp7eNoIzIsGx16WjaQ==/com.google.android.gms-g4b4mckbt0pXCHCPS3I7FQ==/oat/x86_64/split_MeasurementDynamite_installtime.odex with executable: 0
01-07 15:01:35.467  2041  4045 I artd    : /data/app/~~F2IBwp7eNoIzIsGx16WjaQ==/com.google.android.gms-g4b4mckbt0pXCHCPS3I7FQ==/oat/x86_64/split_MeasurementDynamite_installtime.odex is kOatUpToDate with filter speed
01-07 15:01:35.469  2041  4045 I artd    : Dex parent of /data/app/~~F2IBwp7eNoIzIsGx16WjaQ==/com.google.android.gms-g4b4mckbt0pXCHCPS3I7FQ==/split_all_locale_splits.apk is not writable: Permission denied
01-07 15:01:35.469  2041  4045 I artd    : GetBestInfo checking odex in dalvik-cache (/data/dalvik-cache/x86_64/data@app@~~F2IBwp7eNoIzIsGx16WjaQ==@com.google.android.gms-g4b4mckbt0pXCHCPS3I7FQ==@split_all_locale_splits.apk@classes.dex)
01-07 15:01:35.469  2041  4045 I artd    : Loading /data/dalvik-cache/x86_64/data@app@~~F2IBwp7eNoIzIsGx16WjaQ==@com.google.android.gms-g4b4mckbt0pXCHCPS3I7FQ==@split_all_locale_splits.apk@classes.dex with executable: 0
01-07 15:01:35.469  2041  4045 I artd    : OatFileAssistant test for existing oat file /data/dalvik-cache/x86_64/data@app@~~F2IBwp7eNoIzIsGx16WjaQ==@com.google.android.gms-g4b4mckbt0pXCHCPS3I7FQ==@split_all_locale_splits.apk@classes.dex: File /data/dalvik-cache/x86_64/data@app@~~F2IBwp7eNoIzIsGx16WjaQ==@com.google.android.gms-g4b4mckbt0pXCHCPS3I7FQ==@split_all_locale_splits.apk@classes.vdex does not exist.
01-07 15:01:35.469  2041  4045 I artd    : GetBestInfo checking odex next to the dex file (/data/app/~~F2IBwp7eNoIzIsGx16WjaQ==/com.google.android.gms-g4b4mckbt0pXCHCPS3I7FQ==/oat/x86_64/split_all_locale_splits.odex)
01-07 15:01:35.469  2041  4045 I artd    : Loading /data/app/~~F2IBwp7eNoIzIsGx16WjaQ==/com.google.android.gms-g4b4mckbt0pXCHCPS3I7FQ==/oat/x86_64/split_all_locale_splits.odex with executable: 0
01-07 15:01:35.469  2041  4045 I artd    : Successfully loaded /data/app/~~F2IBwp7eNoIzIsGx16WjaQ==/com.google.android.gms-g4b4mckbt0pXCHCPS3I7FQ==/oat/x86_64/split_all_locale_splits.odex with executable: 0
01-07 15:01:35.470  2041  4045 I artd    : /data/app/~~F2IBwp7eNoIzIsGx16WjaQ==/com.google.android.gms-g4b4mckbt0pXCHCPS3I7FQ==/oat/x86_64/split_all_locale_splits.odex is kOatUpToDate with filter speed
01-07 15:01:35.472  2041  4045 I artd    : Dex parent of /data/app/~~F2IBwp7eNoIzIsGx16WjaQ==/com.google.android.gms-g4b4mckbt0pXCHCPS3I7FQ==/split_maps_core_dynamite_ondemand.apk is not writable: Permission denied
01-07 15:01:35.472  2041  4045 I artd    : GetBestInfo checking odex in dalvik-cache (/data/dalvik-cache/x86_64/data@app@~~F2IBwp7eNoIzIsGx16WjaQ==@com.google.android.gms-g4b4mckbt0pXCHCPS3I7FQ==@split_maps_core_dynamite_ondemand.apk@classes.dex)
01-07 15:01:35.472  2041  4045 I artd    : Loading /data/dalvik-cache/x86_64/data@app@~~F2IBwp7eNoIzIsGx16WjaQ==@com.google.android.gms-g4b4mckbt0pXCHCPS3I7FQ==@split_maps_core_dynamite_ondemand.apk@classes.dex with executable: 0
01-07 15:01:35.472  2041  4045 I artd    : OatFileAssistant test for existing oat file /data/dalvik-cache/x86_64/data@app@~~F2IBwp7eNoIzIsGx16WjaQ==@com.google.android.gms-g4b4mckbt0pXCHCPS3I7FQ==@split_maps_core_dynamite_ondemand.apk@classes.dex: File /data/dalvik-cache/x86_64/data@app@~~F2IBwp7eNoIzIsGx16WjaQ==@com.google.android.gms-g4b4mckbt0pXCHCPS3I7FQ==@split_maps_core_dynamite_ondemand.apk@classes.vdex does not exist.
01-07 15:01:35.472  2041  4045 I artd    : GetBestInfo checking odex next to the dex file (/data/app/~~F2IBwp7eNoIzIsGx16WjaQ==/com.google.android.gms-g4b4mckbt0pXCHCPS3I7FQ==/oat/x86_64/split_maps_core_dynamite_ondemand.odex)
01-07 15:01:35.472  2041  4045 I artd    : Loading /data/app/~~F2IBwp7eNoIzIsGx16WjaQ==/com.google.android.gms-g4b4mckbt0pXCHCPS3I7FQ==/oat/x86_64/split_maps_core_dynamite_ondemand.odex with executable: 0
01-07 15:01:35.472  2041  4045 I artd    : OatFileAssistant test for existing oat file /data/app/~~F2IBwp7eNoIzIsGx16WjaQ==/com.google.android.gms-g4b4mckbt0pXCHCPS3I7FQ==/oat/x86_64/split_maps_core_dynamite_ondemand.odex: File /data/app/~~F2IBwp7eNoIzIsGx16WjaQ==/com.google.android.gms-g4b4mckbt0pXCHCPS3I7FQ==/oat/x86_64/split_maps_core_dynamite_ondemand.vdex does not exist.
01-07 15:01:35.472  2041  4045 I artd    : GetBestInfo checking vdex in dalvik-cache (/data/dalvik-cache/x86_64/data@app@~~F2IBwp7eNoIzIsGx16WjaQ==@com.google.android.gms-g4b4mckbt0pXCHCPS3I7FQ==@split_maps_core_dynamite_ondemand.apk@classes.vdex)
01-07 15:01:35.472  2041  4045 I artd    : unable to open vdex file /data/dalvik-cache/x86_64/data@app@~~F2IBwp7eNoIzIsGx16WjaQ==@com.google.android.gms-g4b4mckbt0pXCHCPS3I7FQ==@split_maps_core_dynamite_ondemand.apk@classes.vdex: File /data/dalvik-cache/x86_64/data@app@~~F2IBwp7eNoIzIsGx16WjaQ==@com.google.android.gms-g4b4mckbt0pXCHCPS3I7FQ==@split_maps_core_dynamite_ondemand.apk@classes.vdex does not exist.
01-07 15:01:35.472  2041  4045 I artd    : OatFileAssistant test for existing oat file /data/dalvik-cache/x86_64/data@app@~~F2IBwp7eNoIzIsGx16WjaQ==@com.google.android.gms-g4b4mckbt0pXCHCPS3I7FQ==@split_maps_core_dynamite_ondemand.apk@classes.vdex: File /data/dalvik-cache/x86_64/data@app@~~F2IBwp7eNoIzIsGx16WjaQ==@com.google.android.gms-g4b4mckbt0pXCHCPS3I7FQ==@split_maps_core_dynamite_ondemand.apk@classes.vdex does not exist.
01-07 15:01:35.472  2041  4045 I artd    : GetBestInfo checking vdex next to the dex file (/data/app/~~F2IBwp7eNoIzIsGx16WjaQ==/com.google.android.gms-g4b4mckbt0pXCHCPS3I7FQ==/oat/x86_64/split_maps_core_dynamite_ondemand.vdex)
01-07 15:01:35.472  2041  4045 I artd    : unable to open vdex file /data/app/~~F2IBwp7eNoIzIsGx16WjaQ==/com.google.android.gms-g4b4mckbt0pXCHCPS3I7FQ==/oat/x86_64/split_maps_core_dynamite_ondemand.vdex: File /data/app/~~F2IBwp7eNoIzIsGx16WjaQ==/com.google.android.gms-g4b4mckbt0pXCHCPS3I7FQ==/oat/x86_64/split_maps_core_dynamite_ondemand.vdex does not exist.
01-07 15:01:35.472  2041  4045 I artd    : OatFileAssistant test for existing oat file /data/app/~~F2IBwp7eNoIzIsGx16WjaQ==/com.google.android.gms-g4b4mckbt0pXCHCPS3I7FQ==/oat/x86_64/split_maps_core_dynamite_ondemand.vdex: File /data/app/~~F2IBwp7eNoIzIsGx16WjaQ==/com.google.android.gms-g4b4mckbt0pXCHCPS3I7FQ==/oat/x86_64/split_maps_core_dynamite_ondemand.vdex does not exist.
01-07 15:01:35.473  2041  4045 I artd    : GetBestInfo checking dm (/data/app/~~F2IBwp7eNoIzIsGx16WjaQ==/com.google.android.gms-g4b4mckbt0pXCHCPS3I7FQ==/split_maps_core_dynamite_ondemand.dm)
01-07 15:01:35.473  2041  4045 W ziparchive: Unable to open '/data/app/~~F2IBwp7eNoIzIsGx16WjaQ==/com.google.android.gms-g4b4mckbt0pXCHCPS3I7FQ==/split_maps_core_dynamite_ondemand.dm': No such file or directory
01-07 15:01:35.473  2041  4045 I artd    : OatFileAssistant test for existing oat file /data/app/~~F2IBwp7eNoIzIsGx16WjaQ==/com.google.android.gms-g4b4mckbt0pXCHCPS3I7FQ==/split_maps_core_dynamite_ondemand.dm: I/O error
01-07 15:01:35.473  2041  4045 I artd    : GetBestInfo checking dm (/data/app/~~F2IBwp7eNoIzIsGx16WjaQ==/com.google.android.gms-g4b4mckbt0pXCHCPS3I7FQ==/split_maps_core_dynamite_ondemand.dm)
01-07 15:01:35.473  2041  4045 W ziparchive: Unable to open '/data/app/~~F2IBwp7eNoIzIsGx16WjaQ==/com.google.android.gms-g4b4mckbt0pXCHCPS3I7FQ==/split_maps_core_dynamite_ondemand.dm': No such file or directory
01-07 15:01:35.473  2041  4045 I artd    : OatFileAssistant test for existing oat file /data/app/~~F2IBwp7eNoIzIsGx16WjaQ==/com.google.android.gms-g4b4mckbt0pXCHCPS3I7FQ==/split_maps_core_dynamite_ondemand.dm: I/O error
01-07 15:01:35.473  2041  4045 I artd    : GetBestInfo no usable artifacts
