01-07 15:02:05.408  2041  2041 I artd    : Loading /data/user/0/com.google.android.gms/app_dg_cache/9F0553103A93E6B9A9293C06FF57F54D16588402/oat/x86_64/the.odex with executable: 0
01-07 15:02:05.408  2041  2041 I artd    : OatFileAssistant test for existing oat file /data/user/0/com.google.android.gms/app_dg_cache/9F0553103A93E6B9A9293C06FF57F54D16588402/oat/x86_64/the.odex: Failed to open oat filename for reading: No such file or directory
01-07 15:02:05.408  2041  2041 I artd    : GetBestInfo checking vdex in dalvik-cache (/data/dalvik-cache/x86_64/data@user@0@com.google.android.gms@app_dg_cache@9F0553103A93E6B9A9293C06FF57F54D16588402@the.apk@classes.vdex)
01-07 15:02:05.408  2041  2041 I artd    : unable to open vdex file /data/dalvik-cache/x86_64/data@user@0@com.google.android.gms@app_dg_cache@9F0553103A93E6B9A9293C06FF57F54D16588402@the.apk@classes.vdex: File /data/dalvik-cache/x86_64/data@user@0@com.google.android.gms@app_dg_cache@9F0553103A93E6B9A9293C06FF57F54D16588402@the.apk@classes.vdex does not exist.
01-07 15:02:05.408  2041  2041 I artd    : OatFileAssistant test for existing oat file /data/dalvik-cache/x86_64/data@user@0@com.google.android.gms@app_dg_cache@9F0553103A93E6B9A9293C06FF57F54D16588402@the.apk@classes.vdex: File /data/dalvik-cache/x86_64/data@user@0@com.google.android.gms@app_dg_cache@9F0553103A93E6B9A9293C06FF57F54D16588402@the.apk@classes.vdex does not exist.
01-07 15:02:05.409  2041  2041 I artd    : GetBestInfo checking vdex next to the dex file (/data/user/0/com.google.android.gms/app_dg_cache/9F0553103A93E6B9A9293C06FF57F54D16588402/oat/x86_64/the.vdex)
01-07 15:02:05.409  2041  2041 I artd    : Successfully loaded /data/user/0/com.google.android.gms/app_dg_cache/9F0553103A93E6B9A9293C06FF57F54D16588402/oat/x86_64/the.vdex with executable: 0
01-07 15:02:05.409  2041  2041 I artd    : Image checksum test skipped for vdex file /data/user/0/com.google.android.gms/app_dg_cache/9F0553103A93E6B9A9293C06FF57F54D16588402/oat/x86_64/the.vdex
01-07 15:02:05.409  2041  2041 I artd    : /data/user/0/com.google.android.gms/app_dg_cache/9F0553103A93E6B9A9293C06FF57F54D16588402/oat/x86_64/the.vdex is kOatUpToDate with filter verify
01-07 15:02:05.410  2041  2041 I artd    : Dex parent of /data/user_de/0/com.google.android.gms/app_chimera/m/0000000a/dl-MlkitOcrCommon.optional_242335100800.apk is not writable: No such file or directory
01-07 15:02:05.410  2041  2041 I artd    : GetBestInfo checking odex in dalvik-cache (/data/dalvik-cache/x86_64/data@user_de@0@com.google.android.gms@app_chimera@m@0000000a@dl-MlkitOcrCommon.optional_242335100800.apk@classes.dex)
01-07 15:02:05.410  2041  2041 I artd    : Loading /data/dalvik-cache/x86_64/data@user_de@0@com.google.android.gms@app_chimera@m@0000000a@dl-MlkitOcrCommon.optional_242335100800.apk@classes.dex with executable: 0
01-07 15:02:05.410  2041  2041 I artd    : OatFileAssistant test for existing oat file /data/dalvik-cache/x86_64/data@user_de@0@com.google.android.gms@app_chimera@m@0000000a@dl-MlkitOcrCommon.optional_242335100800.apk@classes.dex: File /data/dalvik-cache/x86_64/data@user_de@0@com.google.android.gms@app_chimera@m@0000000a@dl-MlkitOcrCommon.optional_242335100800.apk@classes.vdex does not exist.
01-07 15:02:05.410  2041  2041 I artd    : GetBestInfo checking odex next to the dex file (/data/user_de/0/com.google.android.gms/app_chimera/m/0000000a/oat/x86_64/dl-MlkitOcrCommon.optional_242335100800.odex)
01-07 15:02:05.410  2041  2041 I artd    : Loading /data/user_de/0/com.google.android.gms/app_chimera/m/0000000a/oat/x86_64/dl-MlkitOcrCommon.optional_242335100800.odex with executable: 0
01-07 15:02:05.410  2041  2041 I artd    : OatFileAssistant test for existing oat file /data/user_de/0/com.google.android.gms/app_chimera/m/0000000a/oat/x86_64/dl-MlkitOcrCommon.optional_242335100800.odex: File /data/user_de/0/com.google.android.gms/app_chimera/m/0000000a/oat/x86_64/dl-MlkitOcrCommon.optional_242335100800.vdex does not exist.
01-07 15:02:05.410  2041  2041 I artd    : GetBestInfo checking vdex in dalvik-cache (/data/dalvik-cache/x86_64/data@user_de@0@com.google.android.gms@app_chimera@m@0000000a@dl-MlkitOcrCommon.optional_242335100800.apk@classes.vdex)
01-07 15:02:05.410  2041  2041 I artd    : unable to open vdex file /data/dalvik-cache/x86_64/data@user_de@0@com.google.android.gms@app_chimera@m@0000000a@dl-MlkitOcrCommon.optional_242335100800.apk@classes.vdex: File /data/dalvik-cache/x86_64/data@user_de@0@com.google.android.gms@app_chimera@m@0000000a@dl-MlkitOcrCommon.optional_242335100800.apk@classes.vdex does not exist.
01-07 15:02:05.410  2041  2041 I artd    : OatFileAssistant test for existing oat file /data/dalvik-cache/x86_64/data@user_de@0@com.google.android.gms@app_chimera@m@0000000a@dl-MlkitOcrCommon.optional_242335100800.apk@classes.vdex: File /data/dalvik-cache/x86_64/data@user_de@0@com.google.android.gms@app_chimera@m@0000000a@dl-MlkitOcrCommon.optional_242335100800.apk@classes.vdex does not exist.
01-07 15:02:05.410  2041  2041 I artd    : GetBestInfo checking vdex next to the dex file (/data/user_de/0/com.google.android.gms/app_chimera/m/0000000a/oat/x86_64/dl-MlkitOcrCommon.optional_242335100800.vdex)
01-07 15:02:05.410  2041  2041 I artd    : unable to open vdex file /data/user_de/0/com.google.android.gms/app_chimera/m/0000000a/oat/x86_64/dl-MlkitOcrCommon.optional_242335100800.vdex: File /data/user_de/0/com.google.android.gms/app_chimera/m/0000000a/oat/x86_64/dl-MlkitOcrCommon.optional_242335100800.vdex does not exist.
01-07 15:02:05.410  2041  2041 I artd    : OatFileAssistant test for existing oat file /data/user_de/0/com.google.android.gms/app_chimera/m/0000000a/oat/x86_64/dl-MlkitOcrCommon.optional_242335100800.vdex: File /data/user_de/0/com.google.android.gms/app_chimera/m/0000000a/oat/x86_64/dl-MlkitOcrCommon.optional_242335100800.vdex does not exist.
01-07 15:02:05.410  2041  2041 I artd    : GetBestInfo checking dm (/data/user_de/0/com.google.android.gms/app_chimera/m/0000000a/dl-MlkitOcrCommon.optional_242335100800.dm)
01-07 15:02:05.410  2041  2041 W ziparchive: Unable to open '/data/user_de/0/com.google.android.gms/app_chimera/m/0000000a/dl-MlkitOcrCommon.optional_242335100800.dm': No such file or directory
01-07 15:02:05.410  2041  2041 I artd    : OatFileAssistant test for existing oat file /data/user_de/0/com.google.android.gms/app_chimera/m/0000000a/dl-MlkitOcrCommon.optional_242335100800.dm: I/O error
01-07 15:02:05.410  2041  2041 I artd    : GetBestInfo checking dm (/data/user_de/0/com.google.android.gms/app_chimera/m/0000000a/dl-MlkitOcrCommon.optional_242335100800.dm)
01-07 15:02:05.410  2041  2041 W ziparchive: Unable to open '/data/user_de/0/com.google.android.gms/app_chimera/m/0000000a/dl-MlkitOcrCommon.optional_242335100800.dm': No such file or directory
01-07 15:02:05.410  2041  2041 I artd    : OatFileAssistant test for existing oat file /data/user_de/0/com.google.android.gms/app_chimera/m/0000000a/dl-MlkitOcrCommon.optional_242335100800.dm: I/O error
01-07 15:02:05.410  2041  2041 I artd    : GetBestInfo no usable artifacts
01-07 15:02:05.411  2041  2041 I artd    : Dex parent of /data/user_de/0/com.google.android.gms/app_chimera/m/0000000b/dl-MlkitBarcodeUi.optional_242335100800.apk is not writable: Permission denied
01-07 15:02:05.411  2041  2041 I artd    : GetBestInfo checking odex in dalvik-cache (/data/dalvik-cache/x86_64/data@user_de@0@com.google.android.gms@app_chimera@m@0000000b@dl-MlkitBarcodeUi.optional_242335100800.apk@classes.dex)
01-07 15:02:05.411  2041  2041 I artd    : Loading /data/dalvik-cache/x86_64/data@user_de@0@com.google.android.gms@app_chimera@m@0000000b@dl-MlkitBarcodeUi.optional_242335100800.apk@classes.dex with executable: 0
01-07 15:02:05.411  2041  2041 I artd    : OatFileAssistant test for existing oat file /data/dalvik-cache/x86_64/data@user_de@0@com.google.android.gms@app_chimera@m@0000000b@dl-MlkitBarcodeUi.optional_242335100800.apk@classes.dex: File /data/dalvik-cache/x86_64/data@user_de@0@com.google.android.gms@app_chimera@m@0000000b@dl-MlkitBarcodeUi.optional_242335100800.apk@classes.vdex does not exist.
01-07 15:02:05.411  2041  2041 I artd    : GetBestInfo checking odex next to the dex file (/data/user_de/0/com.google.android.gms/app_chimera/m/0000000b/oat/x86_64/dl-MlkitBarcodeUi.optional_242335100800.odex)
01-07 15:02:05.412  2041  2041 I artd    : Loading /data/user_de/0/com.google.android.gms/app_chimera/m/0000000b/oat/x86_64/dl-MlkitBarcodeUi.optional_242335100800.odex with executable: 0
01-07 15:02:05.412  2041  2041 I artd    : OatFileAssistant test for existing oat file /data/user_de/0/com.google.android.gms/app_chimera/m/0000000b/oat/x86_64/dl-MlkitBarcodeUi.optional_242335100800.odex: File /data/user_de/0/com.google.android.gms/app_chimera/m/0000000b/oat/x86_64/dl-MlkitBarcodeUi.optional_242335100800.vdex does not exist.
01-07 15:02:05.412  2041  2041 I artd    : GetBestInfo checking vdex in dalvik-cache (/data/dalvik-cache/x86_64/data@user_de@0@com.google.android.gms@app_chimera@m@0000000b@dl-MlkitBarcodeUi.optional_242335100800.apk@classes.vdex)
01-07 15:02:05.412  2041  2041 I artd    : unable to open vdex file /data/dalvik-cache/x86_64/data@user_de@0@com.google.android.gms@app_chimera@m@0000000b@dl-MlkitBarcodeUi.optional_242335100800.apk@classes.vdex: File /data/dalvik-cache/x86_64/data@user_de@0@com.google.android.gms@app_chimera@m@0000000b@dl-MlkitBarcodeUi.optional_242335100800.apk@classes.vdex does not exist.
01-07 15:02:05.412  2041  2041 I artd    : OatFileAssistant test for existing oat file /data/dalvik-cache/x86_64/data@user_de@0@com.google.android.gms@app_chimera@m@0000000b@dl-MlkitBarcodeUi.optional_242335100800.apk@classes.vdex: File /data/dalvik-cache/x86_64/data@user_de@0@com.google.android.gms@app_chimera@m@0000000b@dl-MlkitBarcodeUi.optional_242335100800.apk@classes.vdex does not exist.
01-07 15:02:05.412  2041  2041 I artd    : GetBestInfo checking vdex next to the dex file (/data/user_de/0/com.google.android.gms/app_chimera/m/0000000b/oat/x86_64/dl-MlkitBarcodeUi.optional_242335100800.vdex)
01-07 15:02:05.412  2041  2041 I artd    : unable to open vdex file /data/user_de/0/com.google.android.gms/app_chimera/m/0000000b/oat/x86_64/dl-MlkitBarcodeUi.optional_242335100800.vdex: File /data/user_de/0/com.google.android.gms/app_chimera/m/0000000b/oat/x86_64/dl-MlkitBarcodeUi.optional_242335100800.vdex does not exist.
01-07 15:02:05.412  2041  2041 I artd    : OatFileAssistant test for existing oat file /data/user_de/0/com.google.android.gms/app_chimera/m/0000000b/oat/x86_64/dl-MlkitBarcodeUi.optional_242335100800.vdex: File /data/user_de/0/com.google.android.gms/app_chimera/m/0000000b/oat/x86_64/dl-MlkitBarcodeUi.optional_242335100800.vdex does not exist.
01-07 15:02:05.412  2041  2041 I artd    : GetBestInfo checking dm (/data/user_de/0/com.google.android.gms/app_chimera/m/0000000b/dl-MlkitBarcodeUi.optional_242335100800.dm)
01-07 15:02:05.412  2041  2041 W ziparchive: Unable to open '/data/user_de/0/com.google.android.gms/app_chimera/m/0000000b/dl-MlkitBarcodeUi.optional_242335100800.dm': No such file or directory
01-07 15:02:05.412  2041  2041 I artd    : OatFileAssistant test for existing oat file /data/user_de/0/com.google.android.gms/app_chimera/m/0000000b/dl-MlkitBarcodeUi.optional_242335100800.dm: I/O error
01-07 15:02:05.412  2041  2041 I artd    : GetBestInfo checking dm (/data/user_de/0/com.google.android.gms/app_chimera/m/0000000b/dl-MlkitBarcodeUi.optional_242335100800.dm)
01-07 15:02:05.412  2041  2041 W ziparchive: Unable to open '/data/user_de/0/com.google.android.gms/app_chimera/m/0000000b/dl-MlkitBarcodeUi.optional_242335100800.dm': No such file or directory
01-07 15:02:05.412  2041  2041 I artd    : OatFileAssistant test for existing oat file /data/user_de/0/com.google.android.gms/app_chimera/m/0000000b/dl-MlkitBarcodeUi.optional_242335100800.dm: I/O error
01-07 15:02:05.412  2041  2041 I artd    : GetBestInfo no usable artifacts
01-07 15:02:05.413  2041  2041 I artd    : Dex parent of /data/user/0/com.google.android.gms/app_dg_cache/4C804C498047991068B7703A3662CB65242D8D66/the.apk is not writable: Permission denied
01-07 15:02:05.413  2041  2041 I artd    : GetBestInfo checking odex in dalvik-cache (/data/dalvik-cache/x86_64/data@user@0@com.google.android.gms@app_dg_cache@4C804C498047991068B7703A3662CB65242D8D66@the.apk@classes.dex)
01-07 15:02:05.413  2041  2041 I artd    : Loading /data/dalvik-cache/x86_64/data@user@0@com.google.android.gms@app_dg_cache@4C804C498047991068B7703A3662CB65242D8D66@the.apk@classes.dex with executable: 0
01-07 15:02:05.413  2041  2041 I artd    : OatFileAssistant test for existing oat file /data/dalvik-cache/x86_64/data@user@0@com.google.android.gms@app_dg_cache@4C804C498047991068B7703A3662CB65242D8D66@the.apk@classes.dex: File /data/dalvik-cache/x86_64/data@user@0@com.google.android.gms@app_dg_cache@4C804C498047991068B7703A3662CB65242D8D66@the.apk@classes.vdex does not exist.
01-07 15:02:05.413  2041  2041 I artd    : GetBestInfo checking odex next to the dex file (/data/user/0/com.google.android.gms/app_dg_cache/4C804C498047991068B7703A3662CB65242D8D66/oat/x86_64/the.odex)
01-07 15:02:05.413  2041  2041 I artd    : Loading /data/user/0/com.google.android.gms/app_dg_cache/4C804C498047991068B7703A3662CB65242D8D66/oat/x86_64/the.odex with executable: 0
01-07 15:02:05.413  2041  2041 I artd    : OatFileAssistant test for existing oat file /data/user/0/com.google.android.gms/app_dg_cache/4C804C498047991068B7703A3662CB65242D8D66/oat/x86_64/the.odex: Failed to open oat filename for reading: No such file or directory
01-07 15:02:05.413  2041  2041 I artd    : GetBestInfo checking vdex in dalvik-cache (/data/dalvik-cache/x86_64/data@user@0@com.google.android.gms@app_dg_cache@4C804C498047991068B7703A3662CB65242D8D66@the.apk@classes.vdex)
01-07 15:02:05.413  2041  2041 I artd    : unable to open vdex file /data/dalvik-cache/x86_64/data@user@0@com.google.android.gms@app_dg_cache@4C804C498047991068B7703A3662CB65242D8D66@the.apk@classes.vdex: File /data/dalvik-cache/x86_64/data@user@0@com.google.android.gms@app_dg_cache@4C804C498047991068B7703A3662CB65242D8D66@the.apk@classes.vdex does not exist.
01-07 15:02:05.413  2041  2041 I artd    : OatFileAssistant test for existing oat file /data/dalvik-cache/x86_64/data@user@0@com.google.android.gms@app_dg_cache@4C804C498047991068B7703A3662CB65242D8D66@the.apk@classes.vdex: File /data/dalvik-cache/x86_64/data@user@0@com.google.android.gms@app_dg_cache@4C804C498047991068B7703A3662CB65242D8D66@the.apk@classes.vdex does not exist.
01-07 15:02:05.413  2041  2041 I artd    : GetBestInfo checking vdex next to the dex file (/data/user/0/com.google.android.gms/app_dg_cache/4C804C498047991068B7703A3662CB65242D8D66/oat/x86_64/the.vdex)
01-07 15:02:05.414  2041  2041 I artd    : Successfully loaded /data/user/0/com.google.android.gms/app_dg_cache/4C804C498047991068B7703A3662CB65242D8D66/oat/x86_64/the.vdex with executable: 0
01-07 15:02:05.414  2041  2041 I artd    : Image checksum test skipped for vdex file /data/user/0/com.google.android.gms/app_dg_cache/4C804C498047991068B7703A3662CB65242D8D66/oat/x86_64/the.vdex
01-07 15:02:05.414  2041  2041 I artd    : /data/user/0/com.google.android.gms/app_dg_cache/4C804C498047991068B7703A3662CB65242D8D66/oat/x86_64/the.vdex is kOatUpToDate with filter verify
01-07 15:02:05.415  2041  2041 I artd    : Dex parent of /data/user_de/0/com.google.android.gms/app_chimera/m/00000007/MeasurementDynamite.apk is not writable: No such file or directory
01-07 15:02:05.415  2041  2041 I artd    : GetBestInfo checking odex in dalvik-cache (/data/dalvik-cache/x86_64/data@user_de@0@com.google.android.gms@app_chimera@m@00000007@MeasurementDynamite.apk@classes.dex)
01-07 15:02:05.415  2041  2041 I artd    : Loading /data/dalvik-cache/x86_64/data@user_de@0@com.google.android.gms@app_chimera@m@00000007@MeasurementDynamite.apk@classes.dex with executable: 0
01-07 15:02:05.415  2041  2041 I artd    : OatFileAssistant test for existing oat file /data/dalvik-cache/x86_64/data@user_de@0@com.google.android.gms@app_chimera@m@00000007@MeasurementDynamite.apk@classes.dex: File /data/dalvik-cache/x86_64/data@user_de@0@com.google.android.gms@app_chimera@m@00000007@MeasurementDynamite.apk@classes.vdex does not exist.
01-07 15:02:05.415  2041  2041 I artd    : GetBestInfo checking odex next to the dex file (/data/user_de/0/com.google.android.gms/app_chimera/m/00000007/oat/x86_64/MeasurementDynamite.odex)
01-07 15:02:05.415  2041  2041 I artd    : Loading /data/user_de/0/com.google.android.gms/app_chimera/m/00000007/oat/x86_64/MeasurementDynamite.odex with executable: 0
01-07 15:02:05.415  2041  2041 I artd    : OatFileAssistant test for existing oat file /data/user_de/0/com.google.android.gms/app_chimera/m/00000007/oat/x86_64/MeasurementDynamite.odex: File /data/user_de/0/com.google.android.gms/app_chimera/m/00000007/oat/x86_64/MeasurementDynamite.vdex does not exist.
01-07 15:02:05.415  2041  2041 I artd    : GetBestInfo checking vdex in dalvik-cache (/data/dalvik-cache/x86_64/data@user_de@0@com.google.android.gms@app_chimera@m@00000007@MeasurementDynamite.apk@classes.vdex)
01-07 15:02:05.415  2041  2041 I artd    : unable to open vdex file /data/dalvik-cache/x86_64/data@user_de@0@com.google.android.gms@app_chimera@m@00000007@MeasurementDynamite.apk@classes.vdex: File /data/dalvik-cache/x86_64/data@user_de@0@com.google.android.gms@app_chimera@m@00000007@MeasurementDynamite.apk@classes.vdex does not exist.
01-07 15:02:05.415  2041  2041 I artd    : OatFileAssistant test for existing oat file /data/dalvik-cache/x86_64/data@user_de@0@com.google.android.gms@app_chimera@m@00000007@MeasurementDynamite.apk@classes.vdex: File /data/dalvik-cache/x86_64/data@user_de@0@com.google.android.gms@app_chimera@m@00000007@MeasurementDynamite.apk@classes.vdex does not exist.
01-07 15:02:05.415  2041  2041 I artd    : GetBestInfo checking vdex next to the dex file (/data/user_de/0/com.google.android.gms/app_chimera/m/00000007/oat/x86_64/MeasurementDynamite.vdex)
01-07 15:02:05.415  2041  2041 I artd    : unable to open vdex file /data/user_de/0/com.google.android.gms/app_chimera/m/00000007/oat/x86_64/MeasurementDynamite.vdex: File /data/user_de/0/com.google.android.gms/app_chimera/m/00000007/oat/x86_64/MeasurementDynamite.vdex does not exist.
01-07 15:02:05.415  2041  2041 I artd    : OatFileAssistant test for existing oat file /data/user_de/0/com.google.android.gms/app_chimera/m/00000007/oat/x86_64/MeasurementDynamite.vdex: File /data/user_de/0/com.google.android.gms/app_chimera/m/00000007/oat/x86_64/MeasurementDynamite.vdex does not exist.
01-07 15:02:05.415  2041  2041 I artd    : GetBestInfo checking dm (/data/user_de/0/com.google.android.gms/app_chimera/m/00000007/MeasurementDynamite.dm)
01-07 15:02:05.415  2041  2041 W ziparchive: Unable to open '/data/user_de/0/com.google.android.gms/app_chimera/m/00000007/MeasurementDynamite.dm': No such file or directory
01-07 15:02:05.415  2041  2041 I artd    : OatFileAssistant test for existing oat file /data/user_de/0/com.google.android.gms/app_chimera/m/00000007/MeasurementDynamite.dm: I/O error
01-07 15:02:05.415  2041  2041 I artd    : GetBestInfo checking dm (/data/user_de/0/com.google.android.gms/app_chimera/m/00000007/MeasurementDynamite.dm)
01-07 15:02:05.415  2041  2041 W ziparchive: Unable to open '/data/user_de/0/com.google.android.gms/app_chimera/m/00000007/MeasurementDynamite.dm': No such file or directory
01-07 15:02:05.415  2041  2041 I artd    : OatFileAssistant test for existing oat file /data/user_de/0/com.google.android.gms/app_chimera/m/00000007/MeasurementDynamite.dm: I/O error
01-07 15:02:05.415  2041  2041 I artd    : GetBestInfo no usable artifacts
01-07 15:02:05.416  2041  2041 I artd    : Dex parent of /data/user_de/0/com.google.android.gms/app_chimera/m/00000009/dl-TfliteDynamiteDynamite.integ_243930801100800.apk is not writable: No such file or directory
01-07 15:02:05.416  2041  2041 I artd    : GetBestInfo checking odex in dalvik-cache (/data/dalvik-cache/x86_64/data@user_de@0@com.google.android.gms@app_chimera@m@00000009@dl-TfliteDynamiteDynamite.integ_243930801100800.apk@classes.dex)
01-07 15:02:05.416  2041  2041 I artd    : Loading /data/dalvik-cache/x86_64/data@user_de@0@com.google.android.gms@app_chimera@m@00000009@dl-TfliteDynamiteDynamite.integ_243930801100800.apk@classes.dex with executable: 0
01-07 15:02:05.416  2041  2041 I artd    : OatFileAssistant test for existing oat file /data/dalvik-cache/x86_64/data@user_de@0@com.google.android.gms@app_chimera@m@00000009@dl-TfliteDynamiteDynamite.integ_243930801100800.apk@classes.dex: File /data/dalvik-cache/x86_64/data@user_de@0@com.google.android.gms@app_chimera@m@00000009@dl-TfliteDynamiteDynamite.integ_243930801100800.apk@classes.vdex does not exist.
01-07 15:02:05.416  2041  2041 I artd    : GetBestInfo checking odex next to the dex file (/data/user_de/0/com.google.android.gms/app_chimera/m/00000009/oat/x86_64/dl-TfliteDynamiteDynamite.integ_243930801100800.odex)
01-07 15:02:05.416  2041  2041 I artd    : Loading /data/user_de/0/com.google.android.gms/app_chimera/m/00000009/oat/x86_64/dl-TfliteDynamiteDynamite.integ_243930801100800.odex with executable: 0
01-07 15:02:05.416  2041  2041 I artd    : OatFileAssistant test for existing oat file /data/user_de/0/com.google.android.gms/app_chimera/m/00000009/oat/x86_64/dl-TfliteDynamiteDynamite.integ_243930801100800.odex: File /data/user_de/0/com.google.android.gms/app_chimera/m/00000009/oat/x86_64/dl-TfliteDynamiteDynamite.integ_243930801100800.vdex does not exist.
01-07 15:02:05.416  2041  2041 I artd    : GetBestInfo checking vdex in dalvik-cache (/data/dalvik-cache/x86_64/data@user_de@0@com.google.android.gms@app_chimera@m@00000009@dl-TfliteDynamiteDynamite.integ_243930801100800.apk@classes.vdex)
01-07 15:02:05.416  2041  2041 I artd    : unable to open vdex file /data/dalvik-cache/x86_64/data@user_de@0@com.google.android.gms@app_chimera@m@00000009@dl-TfliteDynamiteDynamite.integ_243930801100800.apk@classes.vdex: File /data/dalvik-cache/x86_64/data@user_de@0@com.google.android.gms@app_chimera@m@00000009@dl-TfliteDynamiteDynamite.integ_243930801100800.apk@classes.vdex does not exist.
01-07 15:02:05.416  2041  2041 I artd    : OatFileAssistant test for existing oat file /data/dalvik-cache/x86_64/data@user_de@0@com.google.android.gms@app_chimera@m@00000009@dl-TfliteDynamiteDynamite.integ_243930801100800.apk@classes.vdex: File /data/dalvik-cache/x86_64/data@user_de@0@com.google.android.gms@app_chimera@m@00000009@dl-TfliteDynamiteDynamite.integ_243930801100800.apk@classes.vdex does not exist.
01-07 15:02:05.416  2041  2041 I artd    : GetBestInfo checking vdex next to the dex file (/data/user_de/0/com.google.android.gms/app_chimera/m/00000009/oat/x86_64/dl-TfliteDynamiteDynamite.integ_243930801100800.vdex)
01-07 15:02:05.416  2041  2041 I artd    : unable to open vdex file /data/user_de/0/com.google.android.gms/app_chimera/m/00000009/oat/x86_64/dl-TfliteDynamiteDynamite.integ_243930801100800.vdex: File /data/user_de/0/com.google.android.gms/app_chimera/m/00000009/oat/x86_64/dl-TfliteDynamiteDynamite.integ_243930801100800.vdex does not exist.
01-07 15:02:05.416  2041  2041 I artd    : OatFileAssistant test for existing oat file /data/user_de/0/com.google.android.gms/app_chimera/m/00000009/oat/x86_64/dl-TfliteDynamiteDynamite.integ_243930801100800.vdex: File /data/user_de/0/com.google.android.gms/app_chimera/m/00000009/oat/x86_64/dl-TfliteDynamiteDynamite.integ_243930801100800.vdex does not exist.
01-07 15:02:05.416  2041  2041 I artd    : GetBestInfo checking dm (/data/user_de/0/com.google.android.gms/app_chimera/m/00000009/dl-TfliteDynamiteDynamite.integ_243930801100800.dm)
01-07 15:02:05.416  2041  2041 W ziparchive: Unable to open '/data/user_de/0/com.google.android.gms/app_chimera/m/00000009/dl-TfliteDynamiteDynamite.integ_243930801100800.dm': No such file or directory
01-07 15:02:05.416  2041  2041 I artd    : OatFileAssistant test for existing oat file /data/user_de/0/com.google.android.gms/app_chimera/m/00000009/dl-TfliteDynamiteDynamite.integ_243930801100800.dm: I/O error
01-07 15:02:05.416  2041  2041 I artd    : GetBestInfo checking dm (/data/user_de/0/com.google.android.gms/app_chimera/m/00000009/dl-TfliteDynamiteDynamite.integ_243930801100800.dm)
01-07 15:02:05.417  2041  2041 W ziparchive: Unable to open '/data/user_de/0/com.google.android.gms/app_chimera/m/00000009/dl-TfliteDynamiteDynamite.integ_243930801100800.dm': No such file or directory
01-07 15:02:05.417  2041  2041 I artd    : OatFileAssistant test for existing oat file /data/user_de/0/com.google.android.gms/app_chimera/m/00000009/dl-TfliteDynamiteDynamite.integ_243930801100800.dm: I/O error
01-07 15:02:05.417  2041  2041 I artd    : GetBestInfo no usable artifacts
01-07 15:02:05.846  1136  1136 D ActivityTracker: Registering callback: com.android.launcher3.LauncherInitListener@a4f508a, reason=OtherActivityInputConsumer.startTouchTrackingForWindowAnimation
01-07 15:02:05.847  1136  1136 D RecentsView: onGestureAnimationStart - runningTasks: [[id=65 windowingMode=1 user=0 lastActiveTime=12942831] null]
01-07 15:02:05.847  1136  1136 D RecentsView: showCurrentTask - runningTasks: [[id=65 windowingMode=1 user=0 lastActiveTime=12942831] null]
01-07 15:02:05.849  1136  1136 D OverviewActionsView: updateForGroupedTask() called with: isGroupedTask = [false], canSaveAppPair = [false]
01-07 15:02:05.850  1136  1136 D OverviewActionsView: updateActionButtonsVisibility() called: showSingleTaskActions = [true], showGroupActions = [false]
01-07 15:02:05.852   861   983 V ShellRecents: RecentsTransitionHandler.startRecentsTransition
01-07 15:02:05.853   861   983 V WindowManagerShell: Directly starting a new transition type=3 wct=WindowContainerTransaction { changes = {} hops = [{PendingIntent: options=Bundle[mParcelledData.dataSize=412]}] errorCallbackToken=null taskFragmentOrganizer=null } handler=com.android.wm.shell.recents.RecentsTransitionHandler@3c70024
01-07 15:02:05.857   606   633 I ActivityManager: updateOomAdj start time is before than pendingPid added, don't delete it
01-07 15:02:05.860  1136  1136 D RecentsView: applyLoadPlan - taskGroups: [type=1 task1=[id=65 windowingMode=1 user=0 lastActiveTime=12944332] null task2=null]
01-07 15:02:05.864   861   983 V ShellRecents: [85858973] RecentsController.setTransition: id=android.os.BinderProxy@c5b5b12
01-07 15:02:05.874   463   463 I BpBinder: onLastStrongRef automatically unlinking death recipients: 
01-07 15:02:05.888  1136  1136 D StateManager: goToState - fromState: Normal, toState: Background, partial trace:
01-07 15:02:05.888  1136  1136 D StateManager: 	at com.android.quickstep.BaseActivityInterface$DefaultAnimationFactory.initBackgroundStateUI(go/retraceme 2855a437b73635ce9cad76b9289087e631bbb67fc90008a0da13d343a00e5041:41)
01-07 15:02:05.888  1136  1136 D StateManager: 	at com.android.quickstep.LauncherActivityInterface.prepareRecentsUI(go/retraceme 2855a437b73635ce9cad76b9289087e631bbb67fc90008a0da13d343a00e5041:13)
01-07 15:02:05.888  1136  1136 D StateManager: 	at com.android.quickstep.AbsSwipeUpHandler.lambda$onLauncherStart$7(go/retraceme 2855a437b73635ce9cad76b9289087e631bbb67fc90008a0da13d343a00e5041:13)
01-07 15:02:05.889  1136  1136 D StateManager: onStateTransitionStart - state: Background
01-07 15:02:05.893  1136  1136 D BaseDepthController: mSurface is null and mCurrentBlur is: 0
01-07 15:02:05.898  1136  1136 D StateManager: onStateTransitionEnd - state: Background
01-07 15:02:05.901  1136  1136 I TopTaskTracker: onTaskMovedToFront: (moved taskInfo to front) taskId=6, baseIntent=Intent { act=android.intent.action.MAIN cat=[android.intent.category.HOME] flg=0x10000100 cmp=com.google.android.apps.nexuslauncher/.NexusLauncherActivity }
01-07 15:02:05.902  1136  1136 D NexusLauncherModelDelegate: notifySmartspaceEvent: SmartspaceTargetEvent{mSmartspaceTarget=null, mSmartspaceActionId='null', mEventType=6}
01-07 15:02:05.919  1136  1136 D BaseDepthController: setSurface:
01-07 15:02:05.919  1136  1136 D BaseDepthController: 	mWaitingOnSurfaceValidity: false
01-07 15:02:05.919  1136  1136 D BaseDepthController: 	mSurface: Surface(name=com.google.android.apps.nexuslauncher/com.google.android.apps.nexuslauncher.NexusLauncherActivity)/@0x1113f00
01-07 15:02:05.957  1136  1136 D RecentsView: applyLoadPlan - taskGroups: [type=1 task1=[id=65 windowingMode=1 user=0 lastActiveTime=12944332] null task2=null]
01-07 15:02:05.965   861 14730 V WindowManagerShell: onTransitionReady(transaction=2602750190193)
01-07 15:02:05.966   861   983 V WindowManagerShell: onTransitionReady (#189) android.os.BinderProxy@c5b5b12: {id=189 t=TO_FRONT f=0x80 trk=0 r=[0@Point(0, 0)] c=[{WCT{android.window.IWindowContainerToken$Stub$Proxy@d5e5a3f} m=TO_FRONT f=SHOW_WALLPAPER|MOVE_TO_TOP leash=Surface(name=Task=1)/@0xa9172e3 sb=Rect(0, 0 - 1080, 2400) eb=Rect(0, 0 - 1080, 2400) d=0 taskParent=-1},{WCT{android.window.IWindowContainerToken$Stub$Proxy@c65cf0c} m=TO_BACK f=NONE leash=Surface(name=Task=65)/@0xf8144e0 sb=Rect(0, 0 - 1080, 2400) eb=Rect(0, 0 - 1080, 2400) d=0 taskParent=-1},{null m=TO_FRONT f=IS_WALLPAPER leash=Surface(name=WallpaperWindowToken{4883595 token=android.os.Binder@e11914c})/@0x246c399 sb=Rect(0, 0 - 1080, 2400) eb=Rect(0, 0 - 1080, 2400) d=0}]}
01-07 15:02:05.966   861   983 V WindowManagerShell: Playing animation for (#189) android.os.BinderProxy@c5b5b12@0
01-07 15:02:05.966   861   983 V WindowManagerShell:  try firstHandler com.android.wm.shell.recents.RecentsTransitionHandler@3c70024
01-07 15:02:05.967   861   983 V ShellRecents: [85858973] RecentsController.start
01-07 15:02:05.970   861   983 V ShellRecents:   adding pausing leaf taskId=65 at layer=8
01-07 15:02:05.970   861   983 V ShellRecents: Applying transaction=2602750190193
01-07 15:02:05.971   861   983 V ShellRecents: Trying to get a handler for takeover but the flag is disabled
01-07 15:02:05.971   861   983 V ShellRecents: [85858973] RecentsController.start: calling onAnimationStart with 2 apps
01-07 15:02:05.972   861   983 V WindowManagerShell:  animated by firstHandler
01-07 15:02:05.973  1136  1136 D RemoteTargetGluer: appCount: 1 handleLength: 4
01-07 15:02:05.973  1136  1136 D RemoteTargetGluer: resizing handles
01-07 15:02:05.973  1136  1136 D RemoteTargetGluer: containsSplitTargets? false handleLength: 1 appsLength: 1
01-07 15:02:05.973  1136  1136 D RecentsView: setRecentsAnimationTargets - recentsAnimationController: com.android.quickstep.RecentsAnimationController@aa274cb, recentsAnimationTargets: com.android.quickstep.RecentsAnimationTargets@6c3c4a8
01-07 15:02:05.974  1136  1136 D RemoteTargetGluer: appCount: 1 handleLength: 1
01-07 15:02:05.974  1136  1136 D RemoteTargetGluer: containsSplitTargets? false handleLength: 1 appsLength: 1
01-07 15:02:05.975   606  1134 W UserManagerService: Requested status bar icon for non-badged user 0
01-07 15:02:05.980   463   474 I BpBinder: onLastStrongRef automatically unlinking death recipients: 
01-07 15:02:05.982   606   630 V WindowManager: Sent Transition (#189) createdAt=01-07 15:02:05.853
01-07 15:02:05.982   606   630 V WindowManager:     startWCT=WindowContainerTransaction { changes = {} hops = [{PendingIntent: options=Bundle[{android.activity.splashScreenStyle=-1, android.activity.sourceInfo=android.app.ActivityOptions$SourceInfo@1b38eeb, android:activity.animAbortListener=null, android.activity.transientLaunch=true}]}] errorCallbackToken=null taskFragmentOrganizer=null }
01-07 15:02:05.983   606   630 V WindowManager:     info={id=189 t=TO_FRONT f=0x80 trk=0 r=[0@Point(0, 0)] c=[
01-07 15:02:05.983   606   630 V WindowManager:         {WCT{RemoteToken{28f99a0 Task{341b58f #1 type=home}}} m=TO_FRONT f=SHOW_WALLPAPER|MOVE_TO_TOP leash=Surface(name=Task=1)/@0x133bd07 sb=Rect(0, 0 - 1080, 2400) eb=Rect(0, 0 - 1080, 2400) d=0 taskParent=-1},
01-07 15:02:05.983   606   630 V WindowManager:         {WCT{RemoteToken{d13ac86 Task{c29b344 #65 type=standard A=10234:com.example.callblockerpro}}} m=TO_BACK f=NONE leash=Surface(name=Task=65)/@0xa6e5eba sb=Rect(0, 0 - 1080, 2400) eb=Rect(0, 0 - 1080, 2400) d=0 taskParent=-1},
01-07 15:02:05.983   606   630 V WindowManager:         {null m=TO_FRONT f=IS_WALLPAPER leash=Surface(name=WallpaperWindowToken{4883595 token=android.os.Binder@e11914c})/@0x693bd90 sb=Rect(0, 0 - 1080, 2400) eb=Rect(0, 0 - 1080, 2400) d=0}
01-07 15:02:05.983   606   630 V WindowManager:     ]}
01-07 15:02:06.039 24976 25049 I ForwardSyncCache: reclaimMemory: Clearing caches
01-07 15:02:06.058 24976 25049 W Bugle   : TextClassifierLibManagerImpl: Reclaiming memory at level: 40
01-07 15:02:06.063  1136  1136 I NexusNavHandleLongPressHandler: Omni invocation: touch finished with reason: touch action up
01-07 15:02:06.066  1136  1136 D ActivityTracker: Unregistering callback: com.android.launcher3.LauncherInitListener@a4f508a, reason=AbsSwipeUpHandler.invalidateHandler
01-07 15:02:06.066  1136  1136 D OverviewActionsView: updateForGroupedTask() called with: isGroupedTask = [false], canSaveAppPair = [false]
01-07 15:02:06.066  1136  1136 D OverviewActionsView: updateActionButtonsVisibility() called: showSingleTaskActions = [true], showGroupActions = [false]
01-07 15:02:06.066  1136  1136 D OverviewActionsView: updateForGroupedTask() called with: isGroupedTask = [false], canSaveAppPair = [false]
01-07 15:02:06.066  1136  1136 D OverviewActionsView: updateActionButtonsVisibility() called: showSingleTaskActions = [true], showGroupActions = [false]
01-07 15:02:06.066  1136  1136 D RecentsView: onGestureAnimationEnd - mEnableDrawingLiveTile: false
01-07 15:02:06.067  1136  1136 D StateManager: goToState - fromState: Background, toState: Normal, partial trace:
01-07 15:02:06.067  1136  1136 D StateManager: 	at com.android.quickstep.BaseActivityInterface.onTransitionCancelled(go/retraceme 2855a437b73635ce9cad76b9289087e631bbb67fc90008a0da13d343a00e5041:29)
01-07 15:02:06.067  1136  1136 D StateManager: 	at com.android.quickstep.AbsSwipeUpHandler.resetStateForAnimationCancel(go/retraceme 2855a437b73635ce9cad76b9289087e631bbb67fc90008a0da13d343a00e5041:22)
01-07 15:02:06.067  1136  1136 D StateManager: 	at com.android.quickstep.AbsSwipeUpHandler.c0(go/retraceme 2855a437b73635ce9cad76b9289087e631bbb67fc90008a0da13d343a00e5041:1)
01-07 15:02:06.068  1136  1136 D StatsLog: LAUNCHER_ONRESUME
01-07 15:02:06.068  1136  1136 D StateManager: onStateTransitionStart - state: Normal
01-07 15:02:06.072  1136  1136 D StateManager: onStateTransitionEnd - state: Normal
01-07 15:02:06.072  1136  1136 D RecentsView: reset - mEnableDrawingLiveTile: false, mRecentsAnimationController: com.android.quickstep.RecentsAnimationController@aa274cb
01-07 15:02:06.074  1136  1223 D QuickstepModelDelegate: notifyAppTargetEvent action=1 launchLocation=workspace/0/[-1,-1]/[1,1]
01-07 15:02:06.075   861   983 D WindowManagerShell: setLauncherKeepClearAreaHeight: visible=true, height=527
01-07 15:02:06.079   606  1406 W AppSearchIcing: icing-search-engine.cc:321: Error: 5, Message: Document (com.google.android.googlequicksearchbox$OneSearchZeroStateGoogleSuggestions/default, zp) not found.
01-07 15:02:06.081   861   983 V ShellRecents: [85858973] RecentsController.finishInner: toHome=false userLeave=false willFinishToHome=false state=0
01-07 15:02:06.081   861   983 V ShellRecents:   returning to app
01-07 15:02:06.081   861   983 V ShellRecents: [85858973] RecentsController.cleanup
01-07 15:02:06.081   861   983 V WindowManagerShell: Transition animation finished (aborted=false), notifying core (#189) android.os.BinderProxy@c5b5b12@0
01-07 15:02:06.084  1136  1871 D OneSearchSuggestProvider: AppSearch 0-state cache not available, fallback to AGA
01-07 15:02:06.084  1136  1871 D OneSearchSuggestProvider: java.util.concurrent.CompletionException: java.util.NoSuchElementException: No value present
01-07 15:02:06.084  1136  1871 D OneSearchSuggestProvider: 	at java.util.concurrent.CompletableFuture.encodeThrowable(CompletableFuture.java:308)
01-07 15:02:06.084  1136  1871 D OneSearchSuggestProvider: 	at java.util.concurrent.CompletableFuture.completeThrowable(CompletableFuture.java:323)
01-07 15:02:06.084  1136  1871 D OneSearchSuggestProvider: 	at java.util.concurrent.CompletableFuture$UniAccept.tryFire(CompletableFuture.java:684)
01-07 15:02:06.084  1136  1871 D OneSearchSuggestProvider: 	at java.util.concurrent.CompletableFuture.postComplete(CompletableFuture.java:486)
01-07 15:02:06.084  1136  1871 D OneSearchSuggestProvider: 	at java.util.concurrent.CompletableFuture.completeExceptionally(CompletableFuture.java:2138)
01-07 15:02:06.084  1136  1871 D OneSearchSuggestProvider: 	at com.google.android.apps.nexuslauncher.allapps.E0.onResult(go/retraceme 2855a437b73635ce9cad76b9289087e631bbb67fc90008a0da13d343a00e5041:67)
01-07 15:02:06.084  1136  1871 D OneSearchSuggestProvider: 	at android.app.appsearch.SearchSessionUtil$1.lambda$onResult$0(go/retraceme 64eee9e9f568ff45978879ad2ff83146f2618ee8a88278736fbdf5fae931976e:144)
01-07 15:02:06.084  1136  1871 D OneSearchSuggestProvider: 	at android.app.appsearch.SearchSessionUtil$1.$r8$lambda$CEk3q8sDAQVhU3rQwVueB8FAj_M(go/retraceme 64eee9e9f568ff45978879ad2ff83146f2618ee8a88278736fbdf5fae931976e:1)
01-07 15:02:06.084  1136  1871 D OneSearchSuggestProvider: 	at android.app.appsearch.SearchSessionUtil$1$$ExternalSyntheticLambda0.run(go/retraceme 64eee9e9f568ff45978879ad2ff83146f2618ee8a88278736fbdf5fae931976e:22)
01-07 15:02:06.084  1136  1871 D OneSearchSuggestProvider: 	at android.os.Handler.handleCallback(Handler.java:959)
01-07 15:02:06.084  1136  1871 D OneSearchSuggestProvider: 	at android.os.Handler.dispatchMessage(Handler.java:100)
01-07 15:02:06.084  1136  1871 D OneSearchSuggestProvider: 	at android.os.Looper.loopOnce(Looper.java:232)
01-07 15:02:06.084  1136  1871 D OneSearchSuggestProvider: 	at android.os.Looper.loop(Looper.java:317)
01-07 15:02:06.084  1136  1871 D OneSearchSuggestProvider: 	at android.os.HandlerThread.run(HandlerThread.java:85)
01-07 15:02:06.084  1136  1871 D OneSearchSuggestProvider: Caused by: java.util.NoSuchElementException: No value present
01-07 15:02:06.084  1136  1871 D OneSearchSuggestProvider: 	at java.util.Optional.get(Optional.java:143)
01-07 15:02:06.084  1136  1871 D OneSearchSuggestProvider: 	at com.google.android.apps.nexuslauncher.allapps.E0.onResult(go/retraceme 2855a437b73635ce9cad76b9289087e631bbb67fc90008a0da13d343a00e5041:28)
01-07 15:02:06.084  1136  1871 D OneSearchSuggestProvider: 	... 8 more
01-07 15:02:06.086  1136  1136 D OverviewActionsView: updateForGroupedTask() called with: isGroupedTask = [false], canSaveAppPair = [false]
01-07 15:02:06.086  1136  1136 D OverviewActionsView: updateActionButtonsVisibility() called: showSingleTaskActions = [true], showGroupActions = [false]
01-07 15:02:06.088  1136  1871 D OneSearchSuggestProvider: Created the binder channel successfully for end point service =com.google.android.apps.search.googleapp.search.suggest.plugins.onesearch.server.OneSearchSuggestService , mChannel=i1{delegate=f{logId=181, target=directaddress:///AndroidComponentAddress%5BIntent%20%7B%20act=grpc.io.action.BIND%20cmp=com.google.android.googlequicksearchbox/com.google.android.apps.search.googleapp.search.suggest.plugins.onesearch.server.OneSearchSuggestService%20%7D%5D}} , mOneSearchConnection=l2.Z@ac5a7d8
01-07 15:02:06.092   606   630 V WindowManager: Finish Transition (#189): created at 01-07 15:02:05.853 collect-started=0.16ms started=0.241ms ready=48.887ms sent=109.592ms finished=237.779ms
01-07 15:02:06.103   861   983 V WindowManagerShell: Track 0 became idle
01-07 15:02:06.103   861   983 V WindowManagerShell: All active transition animations finished
01-07 15:02:06.103   861   983 V ShellRecents: [85858973] RecentsController.finishInner: calling finish callback
01-07 15:02:06.107  1350  1446 I AiAiEcho: Predicting[0]:  [CONTEXT sampling_count=5 ]
01-07 15:02:06.108  1350  1446 I AiAiEcho: EchoTargets: 
01-07 15:02:06.108  1350  1446 I AiAiEcho: Filtered by AiAi flag check: 
01-07 15:02:06.108  1350  1446 I AiAiEcho: [CONTEXT ratelimit_period="10 SECONDS" ]
01-07 15:02:06.108  1136  1136 D VRI[NexusLauncherActivity]: visibilityChanged oldVisibility=true newVisibility=false
01-07 15:02:06.109  1350  1446 I AiAiEcho: Ranked targets strategy: SORT, count: 0, ranking metadata:  [CONTEXT ratelimit_period="10 SECONDS" ]
01-07 15:02:06.109  1136  1136 I TopTaskTracker: onTaskMovedToFront: (moved taskInfo to front) taskId=65, baseIntent=Intent { flg=0x10000000 cmp=com.example.callblockerpro/.MainActivity }
01-07 15:02:06.110  1136  1136 D NexusLauncherModelDelegate: notifySmartspaceEvent: SmartspaceTargetEvent{mSmartspaceTarget=null, mSmartspaceActionId='null', mEventType=7}
01-07 15:02:06.111  1350  1446 I AiAiEcho: #remoteViewsTwiddler: feature disabled.
01-07 15:02:06.118   606   689 W UserManagerService: Requested status bar icon for non-badged user 0
01-07 15:02:06.118  1350  1446 I AiAiEcho: #postPredictionTargets: Sending updates to UISurface home with targets# 0 (types=[])
01-07 15:02:06.119   606   689 W UserManagerService: Requested status bar icon for non-badged user 0
01-07 15:02:06.125  1136  1136 W SplitSelectStateCtor: Missing session instanceIds
01-07 15:02:06.125  1136  1136 D StatsLog: LAUNCHER_SPLIT_SELECTION_EXIT_INTERRUPTED
01-07 15:02:06.125   861   983 D WindowManagerShell: setLauncherKeepClearAreaHeight: visible=false, height=527
01-07 15:02:06.134  1136  1136 D SsBaseTemplateCard: No text view can be set up
01-07 15:02:06.134  1136  1136 D SsBaseTemplateCard: Passed-in item info is null
01-07 15:02:06.134  1136  1136 D SsBaseTemplateCard: Passed-in item info is null
01-07 15:02:06.134  1136  1136 D SsBaseTemplateCard: Passed-in item info is null
01-07 15:02:06.135  1136  1136 I SsBaseTemplateCard: Secondary card pane is null
01-07 15:02:06.142   606  1346 D ActivityManager: sync unfroze 26201 com.google.android.googlequicksearchbox:googleapp for 6
01-07 15:02:06.164 26201 26201 D ActivityThread: Package [com.example.callblockerpro] reported as REPLACED, but missing application info. Assuming REMOVED.
01-07 15:02:06.166  1136  1136 D BaseDepthController: setSurface:
01-07 15:02:06.166  1136  1136 D BaseDepthController: 	mWaitingOnSurfaceValidity: false
01-07 15:02:06.166  1136  1136 D BaseDepthController: 	mSurface: null
01-07 15:02:06.166  1136  1136 D BaseDepthController: mSurface is null and mCurrentBlur is: 0
01-07 15:02:06.167  1136  1136 D StateManager: goToState - fromState: Normal, toState: Normal, partial trace:
01-07 15:02:06.167  1136  1136 D StateManager: 	at com.android.launcher3.statemanager.StateManager.moveToRestState(go/retraceme 2855a437b73635ce9cad76b9289087e631bbb67fc90008a0da13d343a00e5041:4)
01-07 15:02:06.167  1136  1136 D StateManager: 	at com.android.launcher3.statemanager.StateManager.moveToRestState(go/retraceme 2855a437b73635ce9cad76b9289087e631bbb67fc90008a0da13d343a00e5041:1)
01-07 15:02:06.167  1136  1136 D StateManager: 	at com.android.launcher3.statemanager.StatefulActivity.onStop(go/retraceme 2855a437b73635ce9cad76b9289087e631bbb67fc90008a0da13d343a00e5041:34)
01-07 15:02:06.167  1136  1136 D StatsLog: LAUNCHER_ONSTOP
01-07 15:02:06.168  1136  1136 D StatsLog: LAUNCHER_GOOGLE_SEARCH_RESTORE_LIST_SIZE_AFTER_ACTIVITY_RESTART
01-07 15:02:06.169  1136  1871 D OneSearchSuggestProvider: Shut down the binder channel
01-07 15:02:06.170 26201 26201 D ActivityThread: Package [com.example.callblockerpro] reported as REPLACED, but missing application info. Assuming REMOVED.
01-07 15:02:06.174   606  1705 W ProcessStats: Tracking association SourceState{e1022fc com.google.android.apps.nexuslauncher/10176 BFgs #19483} whose proc state 4 is better than process ProcessState{dc0f442 com.google.android.googlequicksearchbox:googleapp/10145 pkg=com.google.android.googlequicksearchbox} proc state 14 (0 skipped)
01-07 15:02:06.232 26201 26201 I espt    : (REDACTED) Created gRPC endpoint for service %s
01-07 15:02:06.400  1136  1136 D SearchTargetUtil: queryLength=0 size=15
01-07 15:02:06.400  1136  1136 D SearchTargetUtil: layoutType=short_icon_row resultType=131072 packageName=com.google.android.googlequicksearchbox extras=Bundle{suggestion_type=33,suggest_truncate_start=false,is_answer=false,is_entity=false,is_personal=false,suggest_raw_text=ios 26 new iphone features,input_query=android.app.search.Query@a6266fa,group_id=web12980828,response_id=869deb9d-cada-4996-86a1-8b54dc05c40f,support_query_builder=false,} searchAction=ios 26 new iphone features searchActionExtras=Bundle{learn_more_url=https://support.google.com/websearch/answer/106230?hl=en,suggestion_action_text=Report this,should_start_for_result=true,allow_pinning=true,skip_logging_in_target_handler=true,suggestion_action_rpc=2,}ParentID: null targetID: 85807c66-b1c5-4db8-847a-ef90c9257887
01-07 15:02:06.400  1136  1136 D SearchTargetUtil: layoutType=short_icon_row resultType=131072 packageName=com.google.android.googlequicksearchbox extras=Bundle{suggestion_type=33,suggest_truncate_start=false,is_answer=false,is_entity=false,is_personal=false,suggest_raw_text=chuck gray runs for congress,input_query=android.app.search.Query@a6266fa,group_id=web12980828,response_id=869deb9d-cada-4996-86a1-8b54dc05c40f,support_query_builder=false,} searchAction=chuck gray runs for congress searchActionExtras=Bundle{learn_more_url=https://support.google.com/websearch/answer/106230?hl=en,suggestion_action_text=Report this,should_start_for_result=true,allow_pinning=true,skip_logging_in_target_handler=true,suggestion_action_rpc=2,}ParentID: null targetID: f1ca2250-fc4c-4fbb-94fd-2e3be3076909
01-07 15:02:06.400  1136  1136 D SearchTargetUtil: layoutType=short_icon_row resultType=131072 packageName=com.google.android.googlequicksearchbox extras=Bundle{suggestion_type=33,suggest_truncate_start=false,is_answer=false,is_entity=false,is_personal=false,suggest_raw_text=cleveland cavaliers vs san antonio spurs,input_query=android.app.search.Query@a6266fa,group_id=web12980828,response_id=869deb9d-cada-4996-86a1-8b54dc05c40f,support_query_builder=false,} searchAction=cleveland cavaliers vs san antonio spurs searchActionExtras=Bundle{learn_more_url=https://support.google.com/websearch/answer/106230?hl=en,suggestion_action_text=Report this,should_start_for_result=true,allow_pinning=true,skip_logging_in_target_handler=true,suggestion_action_rpc=2,}ParentID: null targetID: 91668066-4f31-4ce9-9831-7e56dc329494
01-07 15:02:06.400  1136  1136 D SearchTargetUtil: layoutType=short_icon_row resultType=131072 packageName=com.google.android.googlequicksearchbox extras=Bundle{suggestion_type=33,suggest_truncate_start=false,is_answer=false,is_entity=false,is_personal=false,suggest_raw_text=ground beef recalled,input_query=android.app.search.Query@a6266fa,group_id=web12980828,response_id=869deb9d-cada-4996-86a1-8b54dc05c40f,support_query_builder=false,} searchAction=ground beef recalled searchActionExtras=Bundle{learn_more_url=https://support.google.com/websearch/answer/106230?hl=en,suggestion_action_text=Report this,should_start_for_result=true,allow_pinning=true,skip_logging_in_target_handler=true,suggestion_action_rpc=2,}ParentID: null targetID: 132d811b-4f5c-474b-85d0-0dcd99cb39ac
01-07 15:02:06.401  1136  1136 D SearchTargetUtil: layoutType=short_icon_row resultType=131072 packageName=com.google.android.googlequicksearchbox extras=Bundle{suggestion_type=33,suggest_truncate_start=false,is_answer=false,is_entity=false,is_personal=false,suggest_raw_text=horoscope astrology,input_query=android.app.search.Query@a6266fa,group_id=web12980828,response_id=869deb9d-cada-4996-86a1-8b54dc05c40f,support_query_builder=false,} searchAction=horoscope astrology searchActionExtras=Bundle{learn_more_url=https://support.google.com/websearch/answer/106230?hl=en,suggestion_action_text=Report this,should_start_for_result=true,allow_pinning=true,skip_logging_in_target_handler=true,suggestion_action_rpc=2,}ParentID: null targetID: 346af898-016e-46e1-9335-f3a2e210bb36
01-07 15:02:06.401  1136  1136 D SearchTargetUtil: layoutType=short_icon_row resultType=131072 packageName=com.google.android.googlequicksearchbox extras=Bundle{suggestion_type=33,suggest_truncate_start=false,is_answer=false,is_entity=false,is_personal=false,suggest_raw_text=iss florida cuba photo,input_query=android.app.search.Query@a6266fa,group_id=web12980828,response_id=869deb9d-cada-4996-86a1-8b54dc05c40f,support_query_builder=false,} searchAction=iss florida cuba photo searchActionExtras=Bundle{learn_more_url=https://support.google.com/websearch/answer/106230?hl=en,suggestion_action_text=Report this,should_start_for_result=true,allow_pinning=true,skip_logging_in_target_handler=true,suggestion_action_rpc=2,}ParentID: null targetID: 62b1bfb7-b279-465a-9657-c1c48f6ca4f0
01-07 15:02:06.401  1136  1136 D SearchTargetUtil: layoutType=short_icon_row resultType=131072 packageName=com.google.android.googlequicksearchbox extras=Bundle{suggestion_type=33,suggest_truncate_start=false,is_answer=false,is_entity=false,is_personal=false,suggest_raw_text=2026 senate races,input_query=android.app.search.Query@a6266fa,group_id=web12980828,response_id=869deb9d-cada-4996-86a1-8b54dc05c40f,support_query_builder=false,} searchAction=2026 senate races searchActionExtras=Bundle{learn_more_url=https://support.google.com/websearch/answer/106230?hl=en,suggestion_action_text=Report this,should_start_for_result=true,allow_pinning=true,skip_logging_in_target_handler=true,suggestion_action_rpc=2,}ParentID: null targetID: ba306b7d-00d5-49ed-8bbc-cc5ba31dc14f
